Component: ARM Compiler 5.06 update 7 (build 960) Tool: armlink [4d3601]

==============================================================================

Section Cross References

    startup_stm32f373xc.o(RESET) refers to startup_stm32f373xc.o(STACK) for __initial_sp
    startup_stm32f373xc.o(RESET) refers to startup_stm32f373xc.o(.text) for Reset_Handler
    startup_stm32f373xc.o(RESET) refers to stm32f3xx_it.o(i.NMI_Handler) for NMI_Handler
    startup_stm32f373xc.o(RESET) refers to stm32f3xx_it.o(i.HardFault_Handler) for HardFault_Handler
    startup_stm32f373xc.o(RESET) refers to stm32f3xx_it.o(i.MemManage_Handler) for MemManage_Handler
    startup_stm32f373xc.o(RESET) refers to stm32f3xx_it.o(i.BusFault_Handler) for BusFault_Handler
    startup_stm32f373xc.o(RESET) refers to stm32f3xx_it.o(i.UsageFault_Handler) for UsageFault_Handler
    startup_stm32f373xc.o(RESET) refers to stm32f3xx_it.o(i.SVC_Handler) for SVC_Handler
    startup_stm32f373xc.o(RESET) refers to stm32f3xx_it.o(i.DebugMon_Handler) for DebugMon_Handler
    startup_stm32f373xc.o(RESET) refers to stm32f3xx_it.o(i.PendSV_Handler) for PendSV_Handler
    startup_stm32f373xc.o(RESET) refers to stm32f3xx_it.o(i.SysTick_Handler) for SysTick_Handler
    startup_stm32f373xc.o(RESET) refers to stm32f3xx_it.o(i.DMA1_Channel1_IRQHandler) for DMA1_Channel1_IRQHandler
    startup_stm32f373xc.o(RESET) refers to stm32f3xx_it.o(i.CAN_RX0_IRQHandler) for CAN_RX0_IRQHandler
    startup_stm32f373xc.o(RESET) refers to stm32f3xx_it.o(i.TIM16_IRQHandler) for TIM16_IRQHandler
    startup_stm32f373xc.o(RESET) refers to stm32f3xx_it.o(i.TIM2_IRQHandler) for TIM2_IRQHandler
    startup_stm32f373xc.o(RESET) refers to stm32f3xx_it.o(i.TIM3_IRQHandler) for TIM3_IRQHandler
    startup_stm32f373xc.o(RESET) refers to stm32f3xx_it.o(i.TIM12_IRQHandler) for TIM12_IRQHandler
    startup_stm32f373xc.o(RESET) refers to stm32f3xx_it.o(i.TIM13_IRQHandler) for TIM13_IRQHandler
    startup_stm32f373xc.o(RESET) refers to stm32f3xx_it.o(i.TIM14_IRQHandler) for TIM14_IRQHandler
    startup_stm32f373xc.o(RESET) refers to stm32f3xx_it.o(i.TIM5_IRQHandler) for TIM5_IRQHandler
    startup_stm32f373xc.o(RESET) refers to stm32f3xx_it.o(i.TIM19_IRQHandler) for TIM19_IRQHandler
    startup_stm32f373xc.o(.text) refers to system_stm32f3xx.o(i.SystemInit) for SystemInit
    startup_stm32f373xc.o(.text) refers to entry.o(.ARM.Collect$$$$00000000) for __main
    main.o(i.SystemClock_Config) refers to memseta.o(.text) for __aeabi_memclr4
    main.o(i.SystemClock_Config) refers to stm32f3xx_hal_rcc.o(i.HAL_RCC_OscConfig) for HAL_RCC_OscConfig
    main.o(i.SystemClock_Config) refers to main.o(i.Error_Handler) for Error_Handler
    main.o(i.SystemClock_Config) refers to stm32f3xx_hal_rcc.o(i.HAL_RCC_ClockConfig) for HAL_RCC_ClockConfig
    main.o(i.SystemClock_Config) refers to stm32f3xx_hal_rcc_ex.o(i.HAL_RCCEx_PeriphCLKConfig) for HAL_RCCEx_PeriphCLKConfig
    main.o(i.main) refers to stm32f3xx_hal.o(i.HAL_Init) for HAL_Init
    main.o(i.main) refers to main.o(i.SystemClock_Config) for SystemClock_Config
    main.o(i.main) refers to gpio.o(i.MX_GPIO_Init) for MX_GPIO_Init
    main.o(i.main) refers to dma.o(i.MX_DMA_Init) for MX_DMA_Init
    main.o(i.main) refers to adc.o(i.MX_ADC1_Init) for MX_ADC1_Init
    main.o(i.main) refers to can.o(i.MX_CAN_Init) for MX_CAN_Init
    main.o(i.main) refers to dac.o(i.MX_DAC1_Init) for MX_DAC1_Init
    main.o(i.main) refers to usart.o(i.MX_USART1_UART_Init) for MX_USART1_UART_Init
    main.o(i.main) refers to tim.o(i.MX_TIM2_Init) for MX_TIM2_Init
    main.o(i.main) refers to tim.o(i.MX_TIM3_Init) for MX_TIM3_Init
    main.o(i.main) refers to tim.o(i.MX_TIM5_Init) for MX_TIM5_Init
    main.o(i.main) refers to tim.o(i.MX_TIM13_Init) for MX_TIM13_Init
    main.o(i.main) refers to tim.o(i.MX_TIM16_Init) for MX_TIM16_Init
    main.o(i.main) refers to tim.o(i.MX_TIM19_Init) for MX_TIM19_Init
    main.o(i.main) refers to tim.o(i.MX_TIM12_Init) for MX_TIM12_Init
    main.o(i.main) refers to tim.o(i.MX_TIM14_Init) for MX_TIM14_Init
    main.o(i.main) refers to stm32f3xx_hal.o(i.HAL_Delay) for HAL_Delay
    main.o(i.main) refers to motormove.o(i.MotorInit) for MotorInit
    main.o(i.main) refers to stm32f3xx_hal_adc_ex.o(i.HAL_ADCEx_Calibration_Start) for HAL_ADCEx_Calibration_Start
    main.o(i.main) refers to stm32f3xx_hal_adc_ex.o(i.HAL_ADC_Start_DMA) for HAL_ADC_Start_DMA
    main.o(i.main) refers to stm32f3xx_hal_gpio.o(i.HAL_GPIO_WritePin) for HAL_GPIO_WritePin
    main.o(i.main) refers to cancommand.o(i.CanCmdRevAnalysis) for CanCmdRevAnalysis
    main.o(i.main) refers to motormove.o(i.MotorHomeZeroTask_Loop) for MotorHomeZeroTask_Loop
    main.o(i.main) refers to motormove.o(i.MotorClockCurrentSet_loop) for MotorClockCurrentSet_loop
    main.o(i.main) refers to adc.o(.bss) for hadc1
    main.o(i.main) refers to main.o(.bss) for adc
    gpio.o(i.MX_GPIO_Init) refers to memseta.o(.text) for __aeabi_memclr4
[...]
    ..\Core\Src\system_stm32f3xx.c           0x00000000   Number         0  system_stm32f3xx.o ABSOLUTE
    ..\Core\Src\tim.c                        0x00000000   Number         0  tim.o ABSOLUTE
    ..\Core\Src\usart.c                      0x00000000   Number         0  usart.o ABSOLUTE
    ..\Drivers\STM32F3xx_HAL_Driver\Src\stm32f3xx_hal.c 0x00000000   Number         0  stm32f3xx_hal.o ABSOLUTE
    ..\Drivers\STM32F3xx_HAL_Driver\Src\stm32f3xx_hal_adc.c 0x00000000   Number         0  stm32f3xx_hal_adc.o ABSOLUTE
    ..\Drivers\STM32F3xx_HAL_Driver\Src\stm32f3xx_hal_adc_ex.c 0x00000000   Number         0  stm32f3xx_hal_adc_ex.o ABSOLUTE
    ..\Drivers\STM32F3xx_HAL_Driver\Src\stm32f3xx_hal_can.c 0x00000000   Number         0  stm32f3xx_hal_can.o ABSOLUTE
    ..\Drivers\STM32F3xx_HAL_Driver\Src\stm32f3xx_hal_cortex.c 0x00000000   Number         0  stm32f3xx_hal_cortex.o ABSOLUTE
    ..\Drivers\STM32F3xx_HAL_Driver\Src\stm32f3xx_hal_dac.c 0x00000000   Number         0  stm32f3xx_hal_dac.o ABSOLUTE
    ..\Drivers\STM32F3xx_HAL_Driver\Src\stm32f3xx_hal_dac_ex.c 0x00000000   Number         0  stm32f3xx_hal_dac_ex.o ABSOLUTE
    ..\Drivers\STM32F3xx_HAL_Driver\Src\stm32f3xx_hal_dma.c 0x00000000   Number         0  stm32f3xx_hal_dma.o ABSOLUTE
    ..\Drivers\STM32F3xx_HAL_Driver\Src\stm32f3xx_hal_exti.c 0x00000000   Number         0  stm32f3xx_hal_exti.o ABSOLUTE
    ..\Drivers\STM32F3xx_HAL_Driver\Src\stm32f3xx_hal_flash.c 0x00000000   Number         0  stm32f3xx_hal_flash.o ABSOLUTE
    ..\Drivers\STM32F3xx_HAL_Driver\Src\stm32f3xx_hal_flash_ex.c 0x00000000   Number         0  stm32f3xx_hal_flash_ex.o ABSOLUTE
    ..\Drivers\STM32F3xx_HAL_Driver\Src\stm32f3xx_hal_gpio.c 0x00000000   Number         0  stm32f3xx_hal_gpio.o ABSOLUTE
    ..\Drivers\STM32F3xx_HAL_Driver\Src\stm32f3xx_hal_i2c.c 0x00000000   Number         0  stm32f3xx_hal_i2c.o ABSOLUTE
    ..\Drivers\STM32F3xx_HAL_Driver\Src\stm32f3xx_hal_i2c_ex.c 0x00000000   Number         0  stm32f3xx_hal_i2c_ex.o ABSOLUTE
    ..\Drivers\STM32F3xx_HAL_Driver\Src\stm32f3xx_hal_pwr.c 0x00000000   Number         0  stm32f3xx_hal_pwr.o ABSOLUTE
    ..\Drivers\STM32F3xx_HAL_Driver\Src\stm32f3xx_hal_pwr_ex.c 0x00000000   Number         0  stm32f3xx_hal_pwr_ex.o ABSOLUTE
    ..\Drivers\STM32F3xx_HAL_Driver\Src\stm32f3xx_hal_rcc.c 0x00000000   Number         0  stm32f3xx_hal_rcc.o ABSOLUTE
    ..\Drivers\STM32F3xx_HAL_Driver\Src\stm32f3xx_hal_rcc_ex.c 0x00000000   Number         0  stm32f3xx_hal_rcc_ex.o ABSOLUTE
    ..\Drivers\STM32F3xx_HAL_Driver\Src\stm32f3xx_hal_tim.c 0x00000000   Number         0  stm32f3xx_hal_tim.o ABSOLUTE
    ..\Drivers\STM32F3xx_HAL_Driver\Src\stm32f3xx_hal_tim_ex.c 0x00000000   Number         0  stm32f3xx_hal_tim_ex.o ABSOLUTE
    ..\Drivers\STM32F3xx_HAL_Driver\Src\stm32f3xx_hal_uart.c 0x00000000   Number         0  stm32f3xx_hal_uart.o ABSOLUTE
    ..\Drivers\STM32F3xx_HAL_Driver\Src\stm32f3xx_hal_uart_ex.c 0x00000000   Number         0  stm32f3xx_hal_uart_ex.o ABSOLUTE
    ..\\user\\CanCommand.c                   0x00000000   Number         0  cancommand.o ABSOLUTE
    ..\\user\\MotorIo.c                      0x00000000   Number         0  motorio.o ABSOLUTE
    ..\\user\\MotorMove.c                    0x00000000   Number         0  motormove.o ABSOLUTE
    ..\\user\\MotorStep.c                    0x00000000   Number         0  motorstep.o ABSOLUTE
    ..\\user\\queue.c                        0x00000000   Number         0  queue.o ABSOLUTE
    ..\user\CanCommand.c                     0x00000000   Number         0  cancommand.o ABSOLUTE
    ..\user\MotorIo.c                        0x00000000   Number         0  motorio.o ABSOLUTE
    ..\user\MotorMove.c                      0x00000000   Number         0  motormove.o ABSOLUTE
    ..\user\MotorStep.c                      0x00000000   Number         0  motorstep.o ABSOLUTE
    ..\user\queue.c                          0x00000000   Number         0  queue.o ABSOLUTE
    dc.s                                     0x00000000   Number         0  dc.o ABSOLUTE
    handlers.s                               0x00000000   Number         0  handlers.o ABSOLUTE
    init.s                                   0x00000000   Number         0  init.o ABSOLUTE
    startup_stm32f373xc.s                    0x00000000   Number         0  startup_stm32f373xc.o ABSOLUTE
    RESET                                    0x08000000   Section      392  startup_stm32f373xc.o(RESET)
    .ARM.Collect$$$$00000000                 0x08000188   Section        0  entry.o(.ARM.Collect$$$$00000000)
    .ARM.Collect$$$$00000001                 0x08000188   Section        4  entry2.o(.ARM.Collect$$$$00000001)
    .ARM.Collect$$$$00000004                 0x0800018c   Section        4  entry5.o(.ARM.Collect$$$$00000004)
    .ARM.Collect$$$$00000008                 0x08000190   Section        0  entry7b.o(.ARM.Collect$$$$00000008)
    .ARM.Collect$$$$0000000A                 0x08000190   Section        0  entry8b.o(.ARM.Collect$$$$0000000A)
    .ARM.Collect$$$$0000000B                 0x08000190   Section        8  entry9a.o(.ARM.Collect$$$$0000000B)
    .ARM.Collect$$$$0000000E                 0x08000198   Section        4  entry12b.o(.ARM.Collect$$$$0000000E)
    .ARM.Collect$$$$0000000F                 0x0800019c   Section        0  entry10a.o(.ARM.Collect$$$$0000000F)
    .ARM.Collect$$$$00000011                 0x0800019c   Section        0  entry11a.o(.ARM.Collect$$$$00000011)
    .ARM.Collect$$$$00002712                 0x0800019c   Section        4  entry2.o(.ARM.Collect$$$$00002712)
    __lit__00000000                          0x0800019c   Data           4  entry2.o(.ARM.Collect$$$$00002712)
    .text                                    0x080001a0   Section       36  startup_stm32f373xc.o(.text)
    $v0                                      0x080001a0   Number         0  startup_stm32f373xc.o(.text)
    .text                                    0x080001c4   Section        0  uldiv.o(.text)
    .text                                    0x08000226   Section        0  llushr.o(.text)
    .text                                    0x08000246   Section        0  memcpya.o(.text)
    .text                                    0x0800026a   Section        0  memseta.o(.text)
    .text                                    0x0800028e   Section        0  llshl.o(.text)
    .text                                    0x080002ac   Section       36  init.o(.text)
    i.ADC_ConversionStop_Disable             0x080002d0   Section        0  stm32f3xx_hal_adc_ex.o(i.ADC_ConversionStop_Disable)
    ADC_ConversionStop_Disable               0x080002d1   Thumb Code    92  stm32f3xx_hal_adc_ex.o(i.ADC_ConversionStop_Disable)
    i.ADC_DMAConvCplt                        0x0800032c   Section        0  stm32f3xx_hal_adc_ex.o(i.ADC_DMAConvCplt)
    ADC_DMAConvCplt                          0x0800032d   Thumb Code    82  stm32f3xx_hal_adc_ex.o(i.ADC_DMAConvCplt)
    i.ADC_DMAError                           0x0800037e   Section        0  stm32f3xx_hal_adc_ex.o(i.ADC_DMAError)
    ADC_DMAError                             0x0800037f   Thumb Code    30  stm32f3xx_hal_adc_ex.o(i.ADC_DMAError)
    i.ADC_DMAHalfConvCplt                    0x0800039c   Section        0  stm32f3xx_hal_adc_ex.o(i.ADC_DMAHalfConvCplt)
    ADC_DMAHalfConvCplt                      0x0800039d   Thumb Code    14  stm32f3xx_hal_adc_ex.o(i.ADC_DMAHalfConvCplt)
    i.ADC_Enable                             0x080003ac   Section        0  stm32f3xx_hal_adc_ex.o(i.ADC_Enable)
    ADC_Enable                               0x080003ad   Thumb Code   134  stm32f3xx_hal_adc_ex.o(i.ADC_Enable)
    i.BusFault_Handler                       0x0800043c   Section        0  stm32f3xx_it.o(i.BusFault_Handler)
    i.CAN1_Send_Msg                          0x08000440   Section        0  can.o(i.CAN1_Send_Msg)
    i.CAN_RX0_IRQHandler                     0x08000480   Section        0  stm32f3xx_it.o(i.CAN_RX0_IRQHandler)
    i.CanCmdRevAnalysis                      0x08000494   Section        0  cancommand.o(i.CanCmdRevAnalysis)
    i.CanITRevFIF0                           0x080006b0   Section        0  can.o(i.CanITRevFIF0)
    i.CanRevDataPermutation                  0x08000710   Section        0  can.o(i.CanRevDataPermutation)
    i.CurrentSwitch                          0x0800074c   Section        0  cancommand.o(i.CurrentSwitch)
    i.DMA1_Channel1_IRQHandler               0x08000788   Section        0  stm32f3xx_it.o(i.DMA1_Channel1_IRQHandler)
    i.DMA_CalcBaseAndBitshift                0x08000798   Section        0  stm32f3xx_hal_dma.o(i.DMA_CalcBaseAndBitshift)
    DMA_CalcBaseAndBitshift                  0x08000799   Thumb Code    56  stm32f3xx_hal_dma.o(i.DMA_CalcBaseAndBitshift)
    i.DMA_SetConfig                          0x080007d8   Section        0  stm32f3xx_hal_dma.o(i.DMA_SetConfig)
    DMA_SetConfig                            0x080007d9   Thumb Code    44  stm32f3xx_hal_dma.o(i.DMA_SetConfig)
    i.DeQueue                                0x08000804   Section        0  queue.o(i.DeQueue)
    i.DebugMon_Handler                       0x0800083e   Section        0  stm32f3xx_it.o(i.DebugMon_Handler)
    i.EnQueue                                0x08000840   Section        0  queue.o(i.EnQueue)
    i.Error_Handler                          0x0800087e   Section        0  main.o(i.Error_Handler)
    i.GetCanRevID                            0x08000884   Section        0  motorio.o(i.GetCanRevID)
    i.HAL_ADCEx_Calibration_Start            0x080008c4   Section        0  stm32f3xx_hal_adc_ex.o(i.HAL_ADCEx_Calibration_Start)
    i.HAL_ADC_ConfigChannel                  0x080009cc   Section        0  stm32f3xx_hal_adc_ex.o(i.HAL_ADC_ConfigChannel)
    i.HAL_ADC_ConvCpltCallback               0x08000b20   Section        0  stm32f3xx_hal_adc.o(i.HAL_ADC_ConvCpltCallback)
    i.HAL_ADC_ConvHalfCpltCallback           0x08000b22   Section        0  stm32f3xx_hal_adc.o(i.HAL_ADC_ConvHalfCpltCallback)
    i.HAL_ADC_ErrorCallback                  0x08000b24   Section        0  stm32f3xx_hal_adc.o(i.HAL_ADC_ErrorCallback)
    i.HAL_ADC_Init                           0x08000b28   Section        0  stm32f3xx_hal_adc_ex.o(i.HAL_ADC_Init)
    i.HAL_ADC_MspInit                        0x08000c6c   Section        0  adc.o(i.HAL_ADC_MspInit)
    i.HAL_ADC_Start_DMA                      0x08000d1c   Section        0  stm32f3xx_hal_adc_ex.o(i.HAL_ADC_Start_DMA)
    i.HAL_CAN_ActivateNotification           0x08000e04   Section        0  stm32f3xx_hal_can.o(i.HAL_CAN_ActivateNotification)
    i.HAL_CAN_AddTxMessage                   0x08000e2e   Section        0  stm32f3xx_hal_can.o(i.HAL_CAN_AddTxMessage)
    i.HAL_CAN_ConfigFilter                   0x08000f78   Section        0  stm32f3xx_hal_can.o(i.HAL_CAN_ConfigFilter)
    i.HAL_CAN_ErrorCallback                  0x08001082   Section        0  stm32f3xx_hal_can.o(i.HAL_CAN_ErrorCallback)
    i.HAL_CAN_GetRxMessage                   0x08001084   Section        0  stm32f3xx_hal_can.o(i.HAL_CAN_GetRxMessage)
    i.HAL_CAN_GetTxMailboxesFreeLevel        0x08001218   Section        0  stm32f3xx_hal_can.o(i.HAL_CAN_GetTxMailboxesFreeLevel)
    i.HAL_CAN_IRQHandler                     0x0800124e   Section        0  stm32f3xx_hal_can.o(i.HAL_CAN_IRQHandler)
    i.HAL_CAN_Init                           0x0800149c   Section        0  stm32f3xx_hal_can.o(i.HAL_CAN_Init)
    i.HAL_CAN_MspInit                        0x08001610   Section        0  can.o(i.HAL_CAN_MspInit)
    i.HAL_CAN_RxFifo0FullCallback            0x08001698   Section        0  stm32f3xx_hal_can.o(i.HAL_CAN_RxFifo0FullCallback)
    i.HAL_CAN_RxFifo0MsgPendingCallback      0x0800169a   Section        0  stm32f3xx_hal_can.o(i.HAL_CAN_RxFifo0MsgPendingCallback)
    i.HAL_CAN_RxFifo1FullCallback            0x0800169c   Section        0  stm32f3xx_hal_can.o(i.HAL_CAN_RxFifo1FullCallback)
    i.HAL_CAN_RxFifo1MsgPendingCallback      0x0800169e   Section        0  stm32f3xx_hal_can.o(i.HAL_CAN_RxFifo1MsgPendingCallback)
    i.HAL_CAN_SleepCallback                  0x080016a0   Section        0  stm32f3xx_hal_can.o(i.HAL_CAN_SleepCallback)
    i.HAL_CAN_Start                          0x080016a2   Section        0  stm32f3xx_hal_can.o(i.HAL_CAN_Start)
    i.HAL_CAN_TxMailbox0AbortCallback        0x08001700   Section        0  stm32f3xx_hal_can.o(i.HAL_CAN_TxMailbox0AbortCallback)
    i.HAL_CAN_TxMailbox0CompleteCallback     0x08001702   Section        0  stm32f3xx_hal_can.o(i.HAL_CAN_TxMailbox0CompleteCallback)
    i.HAL_CAN_TxMailbox1AbortCallback        0x08001704   Section        0  stm32f3xx_hal_can.o(i.HAL_CAN_TxMailbox1AbortCallback)
    i.HAL_CAN_TxMailbox1CompleteCallback     0x08001706   Section        0  stm32f3xx_hal_can.o(i.HAL_CAN_TxMailbox1CompleteCallback)
    i.HAL_CAN_TxMailbox2AbortCallback        0x08001708   Section        0  stm32f3xx_hal_can.o(i.HAL_CAN_TxMailbox2AbortCallback)
    i.HAL_CAN_TxMailbox2CompleteCallback     0x0800170a   Section        0  stm32f3xx_hal_can.o(i.HAL_CAN_TxMailbox2CompleteCallback)
    i.HAL_CAN_WakeUpFromRxMsgCallback        0x0800170c   Section        0  stm32f3xx_hal_can.o(i.HAL_CAN_WakeUpFromRxMsgCallback)
    i.HAL_DAC_ConfigChannel                  0x0800170e   Section        0  stm32f3xx_hal_dac_ex.o(i.HAL_DAC_ConfigChannel)
    i.HAL_DAC_Init                           0x08001768   Section        0  stm32f3xx_hal_dac.o(i.HAL_DAC_Init)
    i.HAL_DAC_MspInit                        0x08001790   Section        0  dac.o(i.HAL_DAC_MspInit)
    i.HAL_DAC_SetValue                       0x08001800   Section        0  stm32f3xx_hal_dac_ex.o(i.HAL_DAC_SetValue)
    i.HAL_DAC_Start                          0x0800182c   Section        0  stm32f3xx_hal_dac_ex.o(i.HAL_DAC_Start)
    i.HAL_DMA_IRQHandler                     0x08001898   Section        0  stm32f3xx_hal_dma.o(i.HAL_DMA_IRQHandler)
    i.HAL_DMA_Init                           0x0800197e   Section        0  stm32f3xx_hal_dma.o(i.HAL_DMA_Init)
    i.HAL_DMA_Start_IT                       0x080019d4   Section        0  stm32f3xx_hal_dma.o(i.HAL_DMA_Start_IT)
    i.HAL_Delay                              0x08001a70   Section        0  stm32f3xx_hal.o(i.HAL_Delay)
    i.HAL_GPIO_Init                          0x08001a98   Section        0  stm32f3xx_hal_gpio.o(i.HAL_GPIO_Init)
    i.HAL_GPIO_ReadPin                       0x08001c58   Section        0  stm32f3xx_hal_gpio.o(i.HAL_GPIO_ReadPin)
    i.HAL_GPIO_WritePin                      0x08001c68   Section        0  stm32f3xx_hal_gpio.o(i.HAL_GPIO_WritePin)
    i.HAL_GetTick                            0x08001c74   Section        0  stm32f3xx_hal.o(i.HAL_GetTick)
    i.HAL_IncTick                            0x08001c80   Section        0  stm32f3xx_hal.o(i.HAL_IncTick)
    i.HAL_Init                               0x08001c98   Section        0  stm32f3xx_hal.o(i.HAL_Init)
    i.HAL_InitTick                           0x08001cc0   Section        0  stm32f3xx_hal.o(i.HAL_InitTick)
    i.HAL_MspInit                            0x08001d0c   Section        0  stm32f3xx_hal_msp.o(i.HAL_MspInit)
    i.HAL_MultiProcessor_Init                0x08001d4c   Section        0  stm32f3xx_hal_uart.o(i.HAL_MultiProcessor_Init)
    i.HAL_NVIC_EnableIRQ                     0x08001ddc   Section        0  stm32f3xx_hal_cortex.o(i.HAL_NVIC_EnableIRQ)
    i.HAL_NVIC_SetPriority                   0x08001dfc   Section        0  stm32f3xx_hal_cortex.o(i.HAL_NVIC_SetPriority)
    i.HAL_NVIC_SetPriorityGrouping           0x08001e78   Section        0  stm32f3xx_hal_cortex.o(i.HAL_NVIC_SetPriorityGrouping)
    i.HAL_RCCEx_PeriphCLKConfig              0x08001ea0   Section        0  stm32f3xx_hal_rcc_ex.o(i.HAL_RCCEx_PeriphCLKConfig)
    i.HAL_RCC_ClockConfig                    0x08002118   Section        0  stm32f3xx_hal_rcc.o(i.HAL_RCC_ClockConfig)
    i.HAL_RCC_GetHCLKFreq                    0x080023c4   Section        0  stm32f3xx_hal_rcc.o(i.HAL_RCC_GetHCLKFreq)
    i.HAL_RCC_GetPCLK1Freq                   0x080023d0   Section        0  stm32f3xx_hal_rcc.o(i.HAL_RCC_GetPCLK1Freq)
    i.HAL_RCC_GetPCLK2Freq                   0x080023fc   Section        0  stm32f3xx_hal_rcc.o(i.HAL_RCC_GetPCLK2Freq)
    i.HAL_RCC_GetSysClockFreq                0x08002428   Section        0  stm32f3xx_hal_rcc.o(i.HAL_RCC_GetSysClockFreq)
    i.HAL_RCC_OscConfig                      0x080024c8   Section        0  stm32f3xx_hal_rcc.o(i.HAL_RCC_OscConfig)
    i.HAL_SYSTICK_Config                     0x08002eec   Section        0  stm32f3xx_hal_cortex.o(i.HAL_SYSTICK_Config)
    i.HAL_TIMEx_BreakCallback                0x08002f20   Section        0  stm32f3xx_hal_tim_ex.o(i.HAL_TIMEx_BreakCallback)
    i.HAL_TIMEx_CommutCallback               0x08002f22   Section        0  stm32f3xx_hal_tim_ex.o(i.HAL_TIMEx_CommutCallback)
    i.HAL_TIMEx_ConfigBreakDeadTime          0x08002f24   Section        0  stm32f3xx_hal_tim_ex.o(i.HAL_TIMEx_ConfigBreakDeadTime)
    i.HAL_TIMEx_MasterConfigSynchronization  0x08002f98   Section        0  stm32f3xx_hal_tim_ex.o(i.HAL_TIMEx_MasterConfigSynchronization)
    i.HAL_TIM_Base_Init                      0x08003040   Section        0  stm32f3xx_hal_tim.o(i.HAL_TIM_Base_Init)
    i.HAL_TIM_Base_MspInit                   0x080030a8   Section        0  tim.o(i.HAL_TIM_Base_MspInit)
    i.HAL_TIM_ConfigClockSource              0x08003244   Section        0  stm32f3xx_hal_tim.o(i.HAL_TIM_ConfigClockSource)
    i.HAL_TIM_IC_CaptureCallback             0x08003350   Section        0  stm32f3xx_hal_tim.o(i.HAL_TIM_IC_CaptureCallback)
    i.HAL_TIM_IRQHandler                     0x08003352   Section        0  stm32f3xx_hal_tim.o(i.HAL_TIM_IRQHandler)
    i.HAL_TIM_MspPostInit                    0x080034e8   Section        0  tim.o(i.HAL_TIM_MspPostInit)
    i.HAL_TIM_OC_ConfigChannel               0x08003728   Section        0  stm32f3xx_hal_tim.o(i.HAL_TIM_OC_ConfigChannel)
    i.HAL_TIM_OC_DelayElapsedCallback        0x08003798   Section        0  stm32f3xx_hal_tim.o(i.HAL_TIM_OC_DelayElapsedCallback)
    i.HAL_TIM_OC_Init                        0x0800379a   Section        0  stm32f3xx_hal_tim.o(i.HAL_TIM_OC_Init)
    i.HAL_TIM_OC_MspInit                     0x08003800   Section        0  tim.o(i.HAL_TIM_OC_MspInit)
    i.HAL_TIM_OC_Start_IT                    0x08003844   Section        0  stm32f3xx_hal_tim.o(i.HAL_TIM_OC_Start_IT)
    i.HAL_TIM_OC_Stop_IT                     0x080039a8   Section        0  stm32f3xx_hal_tim.o(i.HAL_TIM_OC_Stop_IT)
    i.HAL_TIM_PWM_PulseFinishedCallback      0x08003ab0   Section        0  stm32f3xx_hal_tim.o(i.HAL_TIM_PWM_PulseFinishedCallback)
    i.HAL_TIM_PeriodElapsedCallback          0x08003ab2   Section        0  stm32f3xx_hal_tim.o(i.HAL_TIM_PeriodElapsedCallback)
    i.HAL_TIM_ReadCapturedValue              0x08003ab4   Section        0  stm32f3xx_hal_tim.o(i.HAL_TIM_ReadCapturedValue)
    i.HAL_TIM_TriggerCallback                0x08003ae6   Section        0  stm32f3xx_hal_tim.o(i.HAL_TIM_TriggerCallback)
    i.HAL_UART_MspInit                       0x08003ae8   Section        0  usart.o(i.HAL_UART_MspInit)
    i.HardFault_Handler                      0x08003b60   Section        0  stm32f3xx_it.o(i.HardFault_Handler)
    i.HomeZero                               0x08003b64   Section        0  cancommand.o(i.HomeZero)
    i.InitQueue                              0x08003c10   Section        0  queue.o(i.InitQueue)
    i.L_ComparativeOutputStar                0x08003c1c   Section        0  motorstep.o(i.L_ComparativeOutputStar)
    i.L_ComparativeOutputStop                0x08003d40   Section        0  motorstep.o(i.L_ComparativeOutputStop)
    i.L_MotorMovePos                         0x08003dbc   Section        0  motorstep.o(i.L_MotorMovePos)
    i.L_MotorRest                            0x08004114   Section        0  motormove.o(i.L_MotorRest)
    i.L_MotorSpeedDecision                   0x08004240   Section        0  motorstep.o(i.L_MotorSpeedDecision)
    i.L_MotorStateGet                        0x080042ec   Section        0  motormove.o(i.L_MotorStateGet)
    i.L_MoveTargetPos                        0x08004340   Section        0  motormove.o(i.L_MoveTargetPos)
    i.MX_ADC1_Init                           0x0800445c   Section        0  adc.o(i.MX_ADC1_Init)
    i.MX_CAN_Init                            0x080044d0   Section        0  can.o(i.MX_CAN_Init)
    i.MX_DAC1_Init                           0x080045a0   Section        0  dac.o(i.MX_DAC1_Init)
    i.MX_DMA_Init                            0x080045ec   Section        0  dma.o(i.MX_DMA_Init)
    i.MX_GPIO_Init                           0x08004620   Section        0  gpio.o(i.MX_GPIO_Init)
    i.MX_TIM12_Init                          0x080047f8   Section        0  tim.o(i.MX_TIM12_Init)
    i.MX_TIM13_Init                          0x0800485c   Section        0  tim.o(i.MX_TIM13_Init)
    i.MX_TIM14_Init                          0x080048cc   Section        0  tim.o(i.MX_TIM14_Init)
    i.MX_TIM16_Init                          0x0800493c   Section        0  tim.o(i.MX_TIM16_Init)
    i.MX_TIM19_Init                          0x080049e0   Section        0  tim.o(i.MX_TIM19_Init)
    i.MX_TIM2_Init                           0x08004a88   Section        0  tim.o(i.MX_TIM2_Init)
    i.MX_TIM3_Init                           0x08004b2c   Section        0  tim.o(i.MX_TIM3_Init)
    i.MX_TIM5_Init                           0x08004bd4   Section        0  tim.o(i.MX_TIM5_Init)
    i.MX_USART1_UART_Init                    0x08004c78   Section        0  usart.o(i.MX_USART1_UART_Init)
    i.MemManage_Handler                      0x08004cbc   Section        0  stm32f3xx_it.o(i.MemManage_Handler)
    i.MotorClockCurrentSet_loop              0x08004cc0   Section        0  motormove.o(i.MotorClockCurrentSet_loop)
    i.MotorCurrentSet                        0x08004d58   Section        0  motorio.o(i.MotorCurrentSet)
    i.MotorCurrentSwitch                     0x08004da4   Section        0  motorio.o(i.MotorCurrentSwitch)
    i.MotorDirSet                            0x08004e0c   Section        0  motorio.o(i.MotorDirSet)
    i.MotorHomeTimeCount                     0x08004e74   Section        0  motormove.o(i.MotorHomeTimeCount)
    i.MotorHomeZeroTask_Loop                 0x08004ee8   Section        0  motormove.o(i.MotorHomeZeroTask_Loop)
    i.MotorInit                              0x08005190   Section        0  motormove.o(i.MotorInit)
    i.MotorStaReport                         0x08005208   Section        0  cancommand.o(i.MotorStaReport)
    i.MovePos                                0x08005338   Section        0  cancommand.o(i.MovePos)
    i.NMI_Handler                            0x08005444   Section        0  stm32f3xx_it.o(i.NMI_Handler)
    i.PendSV_Handler                         0x08005448   Section        0  stm32f3xx_it.o(i.PendSV_Handler)
    i.QueueEmpty                             0x0800544a   Section        0  queue.o(i.QueueEmpty)
    i.QueueFull                              0x0800545c   Section        0  queue.o(i.QueueFull)
    i.R_ComparativeOutputStar                0x0800547c   Section        0  motorstep.o(i.R_ComparativeOutputStar)
    i.R_ComparativeOutputStop                0x080055a4   Section        0  motorstep.o(i.R_ComparativeOutputStop)
    i.R_MotorMovePos                         0x08005620   Section        0  motorstep.o(i.R_MotorMovePos)
    i.R_MotorRest                            0x0800597c   Section        0  motormove.o(i.R_MotorRest)
    i.R_MotorSpeedDecision                   0x08005aac   Section        0  motorstep.o(i.R_MotorSpeedDecision)
    i.R_MotorStateGet                        0x08005b58   Section        0  motormove.o(i.R_MotorStateGet)
    i.R_MoveTargetPos                        0x08005bac   Section        0  motormove.o(i.R_MoveTargetPos)
    i.SVC_Handler                            0x08005cc8   Section        0  stm32f3xx_it.o(i.SVC_Handler)
    i.SensorStatusReturn                     0x08005ccc   Section        0  cancommand.o(i.SensorStatusReturn)
    i.SetRuningFlag                          0x08005da8   Section        0  cancommand.o(i.SetRuningFlag)
    i.SysTick_Handler                        0x08005ddc   Section        0  stm32f3xx_it.o(i.SysTick_Handler)
    i.SystemClock_Config                     0x08005de8   Section        0  main.o(i.SystemClock_Config)
    i.SystemInit                             0x08005e6c   Section        0  system_stm32f3xx.o(i.SystemInit)
    i.TIM12_IRQHandler                       0x08005e80   Section        0  stm32f3xx_it.o(i.TIM12_IRQHandler)
    i.TIM13_IRQHandler                       0x08005e94   Section        0  stm32f3xx_it.o(i.TIM13_IRQHandler)
    i.TIM14_IRQHandler                       0x08005ea8   Section        0  stm32f3xx_it.o(i.TIM14_IRQHandler)
    i.TIM16_IRQHandler                       0x08005ebc   Section        0  stm32f3xx_it.o(i.TIM16_IRQHandler)
    i.TIM19_IRQHandler                       0x08005ed0   Section        0  stm32f3xx_it.o(i.TIM19_IRQHandler)
    i.TIM2_IRQHandler                        0x08005ee4   Section        0  stm32f3xx_it.o(i.TIM2_IRQHandler)
    i.TIM3_IRQHandler                        0x08005ef8   Section        0  stm32f3xx_it.o(i.TIM3_IRQHandler)
    i.TIM5_IRQHandler                        0x08005f0c   Section        0  stm32f3xx_it.o(i.TIM5_IRQHandler)
    i.TIM_Base_SetConfig                     0x08005f20   Section        0  stm32f3xx_hal_tim.o(i.TIM_Base_SetConfig)
    i.TIM_CCxChannelCmd                      0x08005fec   Section        0  stm32f3xx_hal_tim.o(i.TIM_CCxChannelCmd)
    i.TIM_ETR_SetConfig                      0x0800600e   Section        0  stm32f3xx_hal_tim.o(i.TIM_ETR_SetConfig)
    i.TIM_ITRx_SetConfig                     0x08006024   Section        0  stm32f3xx_hal_tim.o(i.TIM_ITRx_SetConfig)
    TIM_ITRx_SetConfig                       0x08006025   Thumb Code    18  stm32f3xx_hal_tim.o(i.TIM_ITRx_SetConfig)
    i.TIM_OC1_SetConfig                      0x08006038   Section        0  stm32f3xx_hal_tim.o(i.TIM_OC1_SetConfig)
    TIM_OC1_SetConfig                        0x08006039   Thumb Code   118  stm32f3xx_hal_tim.o(i.TIM_OC1_SetConfig)
    i.TIM_OC2_SetConfig                      0x080060bc   Section        0  stm32f3xx_hal_tim.o(i.TIM_OC2_SetConfig)
    i.TIM_OC3_SetConfig                      0x08006138   Section        0  stm32f3xx_hal_tim.o(i.TIM_OC3_SetConfig)
    TIM_OC3_SetConfig                        0x08006139   Thumb Code    74  stm32f3xx_hal_tim.o(i.TIM_OC3_SetConfig)
    i.TIM_OC4_SetConfig                      0x08006190   Section        0  stm32f3xx_hal_tim.o(i.TIM_OC4_SetConfig)
    TIM_OC4_SetConfig                        0x08006191   Thumb Code    52  stm32f3xx_hal_tim.o(i.TIM_OC4_SetConfig)
    i.TIM_TI1_ConfigInputStage               0x080061c4   Section        0  stm32f3xx_hal_tim.o(i.TIM_TI1_ConfigInputStage)
    TIM_TI1_ConfigInputStage                 0x080061c5   Thumb Code    38  stm32f3xx_hal_tim.o(i.TIM_TI1_ConfigInputStage)
    i.TIM_TI2_ConfigInputStage               0x080061ea   Section        0  stm32f3xx_hal_tim.o(i.TIM_TI2_ConfigInputStage)
    TIM_TI2_ConfigInputStage                 0x080061eb   Thumb Code    40  stm32f3xx_hal_tim.o(i.TIM_TI2_ConfigInputStage)
    i.TIMxxComparisonInterrupt               0x08006214   Section        0  motorstep.o(i.TIMxxComparisonInterrupt)
    i.UART_AdvFeatureConfig                  0x0800674c   Section        0  stm32f3xx_hal_uart.o(i.UART_AdvFeatureConfig)
    i.UART_CheckIdleState                    0x08006844   Section        0  stm32f3xx_hal_uart.o(i.UART_CheckIdleState)
    i.UART_EndRxTransfer                     0x0800692a   Section        0  stm32f3xx_hal_uart.o(i.UART_EndRxTransfer)
    UART_EndRxTransfer                       0x0800692b   Thumb Code   102  stm32f3xx_hal_uart.o(i.UART_EndRxTransfer)
    i.UART_SetConfig                         0x08006990   Section        0  stm32f3xx_hal_uart.o(i.UART_SetConfig)
    i.UART_WaitOnFlagUntilTimeout            0x08006b9c   Section        0  stm32f3xx_hal_uart.o(i.UART_WaitOnFlagUntilTimeout)
    i.UsageFault_Handler                     0x08006c3e   Section        0  stm32f3xx_it.o(i.UsageFault_Handler)
    i.__NVIC_GetPriorityGrouping             0x08006c44   Section        0  stm32f3xx_hal_cortex.o(i.__NVIC_GetPriorityGrouping)
    __NVIC_GetPriorityGrouping               0x08006c45   Thumb Code    10  stm32f3xx_hal_cortex.o(i.__NVIC_GetPriorityGrouping)
    i.__NVIC_SetPriority                     0x08006c54   Section        0  stm32f3xx_hal_cortex.o(i.__NVIC_SetPriority)
    __NVIC_SetPriority                       0x08006c55   Thumb Code    32  stm32f3xx_hal_cortex.o(i.__NVIC_SetPriority)
    i.__scatterload_copy                     0x08006c7c   Section       14  handlers.o(i.__scatterload_copy)
    i.__scatterload_null                     0x08006c8a   Section        2  handlers.o(i.__scatterload_null)
    i.__scatterload_zeroinit                 0x08006c8c   Section       14  handlers.o(i.__scatterload_zeroinit)
    i.main                                   0x08006c9c   Section        0  main.o(i.main)
    .constdata                               0x08006d1c   Section       32  stm32f3xx_hal_rcc.o(.constdata)
    aPLLMULFactorTable                       0x08006d1c   Data          16  stm32f3xx_hal_rcc.o(.constdata)
    aPredivFactorTable                       0x08006d2c   Data          16  stm32f3xx_hal_rcc.o(.constdata)
    .constdata                               0x08006d3c   Section       24  system_stm32f3xx.o(.constdata)
    .constdata                               0x08006d54   Section       96  motorio.o(.constdata)
    .constdata                               0x08006db4   Section      196  motormove.o(.constdata)
    .constdata                               0x08006e78   Section      112  cancommand.o(.constdata)
    .data                                    0x20000000   Section        9  stm32f3xx_hal.o(.data)
    .data                                    0x2000000c   Section        4  system_stm32f3xx.o(.data)
    .data                                    0x20000010   Section       20  motormove.o(.data)
    .bss                                     0x20000024   Section       40  main.o(.bss)
    .bss                                     0x2000004c   Section      116  adc.o(.bss)
    .bss                                     0x200000c0   Section     2480  can.o(.bss)
    .bss                                     0x20000a70   Section       20  dac.o(.bss)
    .bss                                     0x20000a84   Section      608  tim.o(.bss)
    .bss                                     0x20000ce4   Section      136  usart.o(.bss)
    .bss                                     0x20000d6c   Section      192  motorstep.o(.bss)
    .bss                                     0x20000e2c   Section      320  motormove.o(.bss)
    STACK                                    0x20000f70   Section     1024  startup_stm32f373xc.o(STACK)

    Global Symbols

    Symbol Name                              Value     Ov Type        Size  Object(Section)

    BuildAttributes$$THM_ISAv4$E$P$D$K$B$S$7EM$VFPi3$EXTD16$VFPS$VFMA$PE$A:L22UL41UL21$X:L11$S22US41US21$IEEE1$IW$USESV6$~STKCKD$USESV7$~SHL$OSPACE$EBA8$MICROLIB$REQ8$PRES8$EABIv2 0x00000000   Number         0  anon$$obj.o ABSOLUTE
    __ARM_use_no_argv                        0x00000000   Number         0  main.o ABSOLUTE
    __arm_fini_                               - Undefined Weak Reference
    __cpp_initialize__aeabi_                  - Undefined Weak Reference
    __cxa_finalize                            - Undefined Weak Reference
    __decompress                              - Undefined Weak Reference
    _clock_init                               - Undefined Weak Reference
    _microlib_exit                            - Undefined Weak Reference
    __Vectors_Size                           0x00000188   Number         0  startup_stm32f373xc.o ABSOLUTE
    __Vectors                                0x08000000   Data           4  startup_stm32f373xc.o(RESET)
    __Vectors_End                            0x08000188   Data           0  startup_stm32f373xc.o(RESET)
    __main                                   0x08000189   Thumb Code     0  entry.o(.ARM.Collect$$$$00000000)
    _main_stk                                0x08000189   Thumb Code     0  entry2.o(.ARM.Collect$$$$00000001)
    _main_scatterload                        0x0800018d   Thumb Code     0  entry5.o(.ARM.Collect$$$$00000004)
    __main_after_scatterload                 0x08000191   Thumb Code     0  entry5.o(.ARM.Collect$$$$00000004)
    _main_clock                              0x08000191   Thumb Code     0  entry7b.o(.ARM.Collect$$$$00000008)
    _main_cpp_init                           0x08000191   Thumb Code     0  entry8b.o(.ARM.Collect$$$$0000000A)
    _main_init                               0x08000191   Thumb Code     0  entry9a.o(.ARM.Collect$$$$0000000B)
    __rt_lib_shutdown_fini                   0x08000199   Thumb Code     0  entry12b.o(.ARM.Collect$$$$0000000E)
    __rt_final_cpp                           0x0800019d   Thumb Code     0  entry10a.o(.ARM.Collect$$$$0000000F)
    __rt_final_exit                          0x0800019d   Thumb Code     0  entry11a.o(.ARM.Collect$$$$00000011)
    Reset_Handler                            0x080001a1   Thumb Code     8  startup_stm32f373xc.o(.text)
    ADC1_IRQHandler                          0x080001bb   Thumb Code     0  startup_stm32f373xc.o(.text)
    CAN_RX1_IRQHandler                       0x080001bb   Thumb Code     0  startup_stm32f373xc.o(.text)
    CAN_SCE_IRQHandler                       0x080001bb   Thumb Code     0  startup_stm32f373xc.o(.text)
    CAN_TX_IRQHandler                        0x080001bb   Thumb Code     0  startup_stm32f373xc.o(.text)
    CEC_IRQHandler                           0x080001bb   Thumb Code     0  startup_stm32f373xc.o(.text)
    COMP_IRQHandler                          0x080001bb   Thumb Code     0  startup_stm32f373xc.o(.text)
    DMA1_Channel2_IRQHandler                 0x080001bb   Thumb Code     0  startup_stm32f373xc.o(.text)
    DMA1_Channel3_IRQHandler                 0x080001bb   Thumb Code     0  startup_stm32f373xc.o(.text)
    DMA1_Channel4_IRQHandler                 0x080001bb   Thumb Code     0  startup_stm32f373xc.o(.text)
    DMA1_Channel5_IRQHandler                 0x080001bb   Thumb Code     0  startup_stm32f373xc.o(.text)
    DMA1_Channel6_IRQHandler                 0x080001bb   Thumb Code     0  startup_stm32f373xc.o(.text)
    DMA1_Channel7_IRQHandler                 0x080001bb   Thumb Code     0  startup_stm32f373xc.o(.text)
    DMA2_Channel1_IRQHandler                 0x080001bb   Thumb Code     0  startup_stm32f373xc.o(.text)
    DMA2_Channel2_IRQHandler                 0x080001bb   Thumb Code     0  startup_stm32f373xc.o(.text)
    DMA2_Channel3_IRQHandler                 0x080001bb   Thumb Code     0  startup_stm32f373xc.o(.text)
    DMA2_Channel4_IRQHandler                 0x080001bb   Thumb Code     0  startup_stm32f373xc.o(.text)
    DMA2_Channel5_IRQHandler                 0x080001bb   Thumb Code     0  startup_stm32f373xc.o(.text)
    EXTI0_IRQHandler                         0x080001bb   Thumb Code     0  startup_stm32f373xc.o(.text)
    EXTI15_10_IRQHandler                     0x080001bb   Thumb Code     0  startup_stm32f373xc.o(.text)
    EXTI1_IRQHandler                         0x080001bb   Thumb Code     0  startup_stm32f373xc.o(.text)
    EXTI2_TSC_IRQHandler                     0x080001bb   Thumb Code     0  startup_stm32f373xc.o(.text)
    EXTI3_IRQHandler                         0x080001bb   Thumb Code     0  startup_stm32f373xc.o(.text)
    EXTI4_IRQHandler                         0x080001bb   Thumb Code     0  startup_stm32f373xc.o(.text)
    EXTI9_5_IRQHandler                       0x080001bb   Thumb Code     0  startup_stm32f373xc.o(.text)
    FLASH_IRQHandler                         0x080001bb   Thumb Code     0  startup_stm32f373xc.o(.text)
    FPU_IRQHandler                           0x080001bb   Thumb Code     0  startup_stm32f373xc.o(.text)
    I2C1_ER_IRQHandler                       0x080001bb   Thumb Code     0  startup_stm32f373xc.o(.text)
    I2C1_EV_IRQHandler                       0x080001bb   Thumb Code     0  startup_stm32f373xc.o(.text)
    I2C2_ER_IRQHandler                       0x080001bb   Thumb Code     0  startup_stm32f373xc.o(.text)
    I2C2_EV_IRQHandler                       0x080001bb   Thumb Code     0  startup_stm32f373xc.o(.text)
    PVD_IRQHandler                           0x080001bb   Thumb Code     0  startup_stm32f373xc.o(.text)
    RCC_IRQHandler                           0x080001bb   Thumb Code     0  startup_stm32f373xc.o(.text)
    RTC_Alarm_IRQHandler                     0x080001bb   Thumb Code     0  startup_stm32f373xc.o(.text)
    RTC_WKUP_IRQHandler                      0x080001bb   Thumb Code     0  startup_stm32f373xc.o(.text)
    SDADC1_IRQHandler                        0x080001bb   Thumb Code     0  startup_stm32f373xc.o(.text)
    SDADC2_IRQHandler                        0x080001bb   Thumb Code     0  startup_stm32f373xc.o(.text)
    SDADC3_IRQHandler                        0x080001bb   Thumb Code     0  startup_stm32f373xc.o(.text)
    SPI1_IRQHandler                          0x080001bb   Thumb Code     0  startup_stm32f373xc.o(.text)
    SPI2_IRQHandler                          0x080001bb   Thumb Code     0  startup_stm32f373xc.o(.text)
    SPI3_IRQHandler                          0x080001bb   Thumb Code     0  startup_stm32f373xc.o(.text)
    TAMP_STAMP_IRQHandler                    0x080001bb   Thumb Code     0  startup_stm32f373xc.o(.text)
    TIM15_IRQHandler                         0x080001bb   Thumb Code     0  startup_stm32f373xc.o(.text)
    TIM17_IRQHandler                         0x080001bb   Thumb Code     0  startup_stm32f373xc.o(.text)
    TIM18_DAC2_IRQHandler                    0x080001bb   Thumb Code     0  startup_stm32f373xc.o(.text)
    TIM4_IRQHandler                          0x080001bb   Thumb Code     0  startup_stm32f373xc.o(.text)
    TIM6_DAC1_IRQHandler                     0x080001bb   Thumb Code     0  startup_stm32f373xc.o(.text)
    TIM7_IRQHandler                          0x080001bb   Thumb Code     0  startup_stm32f373xc.o(.text)
    USART1_IRQHandler                        0x080001bb   Thumb Code     0  startup_stm32f373xc.o(.text)
    USART2_IRQHandler                        0x080001bb   Thumb Code     0  startup_stm32f373xc.o(.text)
    USART3_IRQHandler                        0x080001bb   Thumb Code     0  startup_stm32f373xc.o(.text)
    USBWakeUp_IRQHandler                     0x080001bb   Thumb Code     0  startup_stm32f373xc.o(.text)
    USB_HP_IRQHandler                        0x080001bb   Thumb Code     0  startup_stm32f373xc.o(.text)
    USB_LP_IRQHandler                        0x080001bb   Thumb Code     0  startup_stm32f373xc.o(.text)
    WWDG_IRQHandler                          0x080001bb   Thumb Code     0  startup_stm32f373xc.o(.text)
    __aeabi_uldivmod                         0x080001c5   Thumb Code    98  uldiv.o(.text)
    __aeabi_llsr                             0x08000227   Thumb Code    32  llushr.o(.text)
    _ll_ushift_r                             0x08000227   Thumb Code     0  llushr.o(.text)
    __aeabi_memcpy                           0x08000247   Thumb Code    36  memcpya.o(.text)
    __aeabi_memcpy4                          0x08000247   Thumb Code     0  memcpya.o(.text)
    __aeabi_memcpy8                          0x08000247   Thumb Code     0  memcpya.o(.text)
    __aeabi_memset                           0x0800026b   Thumb Code    14  memseta.o(.text)
    __aeabi_memset4                          0x0800026b   Thumb Code     0  memseta.o(.text)
    __aeabi_memset8                          0x0800026b   Thumb Code     0  memseta.o(.text)
    __aeabi_memclr                           0x08000279   Thumb Code     4  memseta.o(.text)
    __aeabi_memclr4                          0x08000279   Thumb Code     0  memseta.o(.text)
    __aeabi_memclr8                          0x08000279   Thumb Code     0  memseta.o(.text)
    _memset$wrapper                          0x0800027d   Thumb Code    18  memseta.o(.text)
    __aeabi_llsl                             0x0800028f   Thumb Code    30  llshl.o(.text)
    _ll_shift_l                              0x0800028f   Thumb Code     0  llshl.o(.text)
    __scatterload                            0x080002ad   Thumb Code    28  init.o(.text)
    __scatterload_rt2                        0x080002ad   Thumb Code     0  init.o(.text)
    BusFault_Handler                         0x0800043d   Thumb Code     4  stm32f3xx_it.o(i.BusFault_Handler)
    CAN1_Send_Msg                            0x08000441   Thumb Code    58  can.o(i.CAN1_Send_Msg)
    CAN_RX0_IRQHandler                       0x08000481   Thumb Code    16  stm32f3xx_it.o(i.CAN_RX0_IRQHandler)
    CanCmdRevAnalysis                        0x08000495   Thumb Code   512  cancommand.o(i.CanCmdRevAnalysis)
    CanITRevFIF0                             0x080006b1   Thumb Code    88  can.o(i.CanITRevFIF0)
    CanRevDataPermutation                    0x08000711   Thumb Code    60  can.o(i.CanRevDataPermutation)
    CurrentSwitch                            0x0800074d   Thumb Code    58  cancommand.o(i.CurrentSwitch)
    DMA1_Channel1_IRQHandler                 0x08000789   Thumb Code    10  stm32f3xx_it.o(i.DMA1_Channel1_IRQHandler)
    DeQueue                                  0x08000805   Thumb Code    58  queue.o(i.DeQueue)
    DebugMon_Handler                         0x0800083f   Thumb Code     2  stm32f3xx_it.o(i.DebugMon_Handler)
    EnQueue                                  0x08000841   Thumb Code    62  queue.o(i.EnQueue)
    Error_Handler                            0x0800087f   Thumb Code     6  main.o(i.Error_Handler)
    GetCanRevID                              0x08000885   Thumb Code    60  motorio.o(i.GetCanRevID)
    HAL_ADCEx_Calibration_Start              0x080008c5   Thumb Code   262  stm32f3xx_hal_adc_ex.o(i.HAL_ADCEx_Calibration_Start)
    HAL_ADC_ConfigChannel                    0x080009cd   Thumb Code   328  stm32f3xx_hal_adc_ex.o(i.HAL_ADC_ConfigChannel)
    HAL_ADC_ConvCpltCallback                 0x08000b21   Thumb Code     2  stm32f3xx_hal_adc.o(i.HAL_ADC_ConvCpltCallback)
    HAL_ADC_ConvHalfCpltCallback             0x08000b23   Thumb Code     2  stm32f3xx_hal_adc.o(i.HAL_ADC_ConvHalfCpltCallback)
    HAL_ADC_ErrorCallback                    0x08000b25   Thumb Code     2  stm32f3xx_hal_adc.o(i.HAL_ADC_ErrorCallback)
    HAL_ADC_Init                             0x08000b29   Thumb Code   314  stm32f3xx_hal_adc_ex.o(i.HAL_ADC_Init)
    HAL_ADC_MspInit                          0x08000c6d   Thumb Code   158  adc.o(i.HAL_ADC_MspInit)
    HAL_ADC_Start_DMA                        0x08000d1d   Thumb Code   218  stm32f3xx_hal_adc_ex.o(i.HAL_ADC_Start_DMA)
    HAL_CAN_ActivateNotification             0x08000e05   Thumb Code    42  stm32f3xx_hal_can.o(i.HAL_CAN_ActivateNotification)
    HAL_CAN_AddTxMessage                     0x08000e2f   Thumb Code   330  stm32f3xx_hal_can.o(i.HAL_CAN_AddTxMessage)
    HAL_CAN_ConfigFilter                     0x08000f79   Thumb Code   266  stm32f3xx_hal_can.o(i.HAL_CAN_ConfigFilter)
    HAL_CAN_ErrorCallback                    0x08001083   Thumb Code     2  stm32f3xx_hal_can.o(i.HAL_CAN_ErrorCallback)
    HAL_CAN_GetRxMessage                     0x08001085   Thumb Code   404  stm32f3xx_hal_can.o(i.HAL_CAN_GetRxMessage)
    HAL_CAN_GetTxMailboxesFreeLevel          0x08001219   Thumb Code    54  stm32f3xx_hal_can.o(i.HAL_CAN_GetTxMailboxesFreeLevel)
    HAL_CAN_IRQHandler                       0x0800124f   Thumb Code   590  stm32f3xx_hal_can.o(i.HAL_CAN_IRQHandler)
    HAL_CAN_Init                             0x0800149d   Thumb Code   372  stm32f3xx_hal_can.o(i.HAL_CAN_Init)
    HAL_CAN_MspInit                          0x08001611   Thumb Code   126  can.o(i.HAL_CAN_MspInit)
    HAL_CAN_RxFifo0FullCallback              0x08001699   Thumb Code     2  stm32f3xx_hal_can.o(i.HAL_CAN_RxFifo0FullCallback)
    HAL_CAN_RxFifo0MsgPendingCallback        0x0800169b   Thumb Code     2  stm32f3xx_hal_can.o(i.HAL_CAN_RxFifo0MsgPendingCallback)
    HAL_CAN_RxFifo1FullCallback              0x0800169d   Thumb Code     2  stm32f3xx_hal_can.o(i.HAL_CAN_RxFifo1FullCallback)
    HAL_CAN_RxFifo1MsgPendingCallback        0x0800169f   Thumb Code     2  stm32f3xx_hal_can.o(i.HAL_CAN_RxFifo1MsgPendingCallback)
    HAL_CAN_SleepCallback                    0x080016a1   Thumb Code     2  stm32f3xx_hal_can.o(i.HAL_CAN_SleepCallback)
    HAL_CAN_Start                            0x080016a3   Thumb Code    94  stm32f3xx_hal_can.o(i.HAL_CAN_Start)
    HAL_CAN_TxMailbox0AbortCallback          0x08001701   Thumb Code     2  stm32f3xx_hal_can.o(i.HAL_CAN_TxMailbox0AbortCallback)
    HAL_CAN_TxMailbox0CompleteCallback       0x08001703   Thumb Code     2  stm32f3xx_hal_can.o(i.HAL_CAN_TxMailbox0CompleteCallback)
    HAL_CAN_TxMailbox1AbortCallback          0x08001705   Thumb Code     2  stm32f3xx_hal_can.o(i.HAL_CAN_TxMailbox1AbortCallback)
    HAL_CAN_TxMailbox1CompleteCallback       0x08001707   Thumb Code     2  stm32f3xx_hal_can.o(i.HAL_CAN_TxMailbox1CompleteCallback)
    HAL_CAN_TxMailbox2AbortCallback          0x08001709   Thumb Code     2  stm32f3xx_hal_can.o(i.HAL_CAN_TxMailbox2AbortCallback)
    HAL_CAN_TxMailbox2CompleteCallback       0x0800170b   Thumb Code     2  stm32f3xx_hal_can.o(i.HAL_CAN_TxMailbox2CompleteCallback)
    HAL_CAN_WakeUpFromRxMsgCallback          0x0800170d   Thumb Code     2  stm32f3xx_hal_can.o(i.HAL_CAN_WakeUpFromRxMsgCallback)
    HAL_DAC_ConfigChannel                    0x0800170f   Thumb Code    90  stm32f3xx_hal_dac_ex.o(i.HAL_DAC_ConfigChannel)
    HAL_DAC_Init                             0x08001769   Thumb Code    40  stm32f3xx_hal_dac.o(i.HAL_DAC_Init)
    HAL_DAC_MspInit                          0x08001791   Thumb Code   102  dac.o(i.HAL_DAC_MspInit)
    HAL_DAC_SetValue                         0x08001801   Thumb Code    44  stm32f3xx_hal_dac_ex.o(i.HAL_DAC_SetValue)
    HAL_DAC_Start                            0x0800182d   Thumb Code   108  stm32f3xx_hal_dac_ex.o(i.HAL_DAC_Start)
    HAL_DMA_IRQHandler                       0x08001899   Thumb Code   230  stm32f3xx_hal_dma.o(i.HAL_DMA_IRQHandler)
    HAL_DMA_Init                             0x0800197f   Thumb Code    86  stm32f3xx_hal_dma.o(i.HAL_DMA_Init)
    HAL_DMA_Start_IT                         0x080019d5   Thumb Code   156  stm32f3xx_hal_dma.o(i.HAL_DMA_Start_IT)
    HAL_Delay                                0x08001a71   Thumb Code    36  stm32f3xx_hal.o(i.HAL_Delay)
    HAL_GPIO_Init                            0x08001a99   Thumb Code   418  stm32f3xx_hal_gpio.o(i.HAL_GPIO_Init)
    HAL_GPIO_ReadPin                         0x08001c59   Thumb Code    16  stm32f3xx_hal_gpio.o(i.HAL_GPIO_ReadPin)
    HAL_GPIO_WritePin                        0x08001c69   Thumb Code    10  stm32f3xx_hal_gpio.o(i.HAL_GPIO_WritePin)
    HAL_GetTick                              0x08001c75   Thumb Code     6  stm32f3xx_hal.o(i.HAL_GetTick)
    HAL_IncTick                              0x08001c81   Thumb Code    16  stm32f3xx_hal.o(i.HAL_IncTick)
    HAL_Init                                 0x08001c99   Thumb Code    34  stm32f3xx_hal.o(i.HAL_Init)
    HAL_InitTick                             0x08001cc1   Thumb Code    64  stm32f3xx_hal.o(i.HAL_InitTick)
    HAL_MspInit                              0x08001d0d   Thumb Code    58  stm32f3xx_hal_msp.o(i.HAL_MspInit)
    HAL_MultiProcessor_Init                  0x08001d4d   Thumb Code   144  stm32f3xx_hal_uart.o(i.HAL_MultiProcessor_Init)
    HAL_NVIC_EnableIRQ                       0x08001ddd   Thumb Code    32  stm32f3xx_hal_cortex.o(i.HAL_NVIC_EnableIRQ)
    HAL_NVIC_SetPriority                     0x08001dfd   Thumb Code   124  stm32f3xx_hal_cortex.o(i.HAL_NVIC_SetPriority)
    HAL_NVIC_SetPriorityGrouping             0x08001e79   Thumb Code    32  stm32f3xx_hal_cortex.o(i.HAL_NVIC_SetPriorityGrouping)
    HAL_RCCEx_PeriphCLKConfig                0x08001ea1   Thumb Code   620  stm32f3xx_hal_rcc_ex.o(i.HAL_RCCEx_PeriphCLKConfig)
    HAL_RCC_ClockConfig                      0x08002119   Thumb Code   664  stm32f3xx_hal_rcc.o(i.HAL_RCC_ClockConfig)
    HAL_RCC_GetHCLKFreq                      0x080023c5   Thumb Code     6  stm32f3xx_hal_rcc.o(i.HAL_RCC_GetHCLKFreq)
    HAL_RCC_GetPCLK1Freq                     0x080023d1   Thumb Code    36  stm32f3xx_hal_rcc.o(i.HAL_RCC_GetPCLK1Freq)
    HAL_RCC_GetPCLK2Freq                     0x080023fd   Thumb Code    36  stm32f3xx_hal_rcc.o(i.HAL_RCC_GetPCLK2Freq)
    HAL_RCC_GetSysClockFreq                  0x08002429   Thumb Code   138  stm32f3xx_hal_rcc.o(i.HAL_RCC_GetSysClockFreq)
    HAL_RCC_OscConfig                        0x080024c9   Thumb Code  2586  stm32f3xx_hal_rcc.o(i.HAL_RCC_OscConfig)
    HAL_SYSTICK_Config                       0x08002eed   Thumb Code    52  stm32f3xx_hal_cortex.o(i.HAL_SYSTICK_Config)
    HAL_TIMEx_BreakCallback                  0x08002f21   Thumb Code     2  stm32f3xx_hal_tim_ex.o(i.HAL_TIMEx_BreakCallback)
    HAL_TIMEx_CommutCallback                 0x08002f23   Thumb Code     2  stm32f3xx_hal_tim_ex.o(i.HAL_TIMEx_CommutCallback)
    HAL_TIMEx_ConfigBreakDeadTime            0x08002f25   Thumb Code   116  stm32f3xx_hal_tim_ex.o(i.HAL_TIMEx_ConfigBreakDeadTime)
    HAL_TIMEx_MasterConfigSynchronization    0x08002f99   Thumb Code   142  stm32f3xx_hal_tim_ex.o(i.HAL_TIMEx_MasterConfigSynchronization)
    HAL_TIM_Base_Init                        0x08003041   Thumb Code   102  stm32f3xx_hal_tim.o(i.HAL_TIM_Base_Init)
    HAL_TIM_Base_MspInit                     0x080030a9   Thumb Code   382  tim.o(i.HAL_TIM_Base_MspInit)
    HAL_TIM_ConfigClockSource                0x08003245   Thumb Code   268  stm32f3xx_hal_tim.o(i.HAL_TIM_ConfigClockSource)
    HAL_TIM_IC_CaptureCallback               0x08003351   Thumb Code     2  stm32f3xx_hal_tim.o(i.HAL_TIM_IC_CaptureCallback)
    HAL_TIM_IRQHandler                       0x08003353   Thumb Code   406  stm32f3xx_hal_tim.o(i.HAL_TIM_IRQHandler)
    HAL_TIM_MspPostInit                      0x080034e9   Thumb Code   536  tim.o(i.HAL_TIM_MspPostInit)
    HAL_TIM_OC_ConfigChannel                 0x08003729   Thumb Code   112  stm32f3xx_hal_tim.o(i.HAL_TIM_OC_ConfigChannel)
    HAL_TIM_OC_DelayElapsedCallback          0x08003799   Thumb Code     2  stm32f3xx_hal_tim.o(i.HAL_TIM_OC_DelayElapsedCallback)
    HAL_TIM_OC_Init                          0x0800379b   Thumb Code   102  stm32f3xx_hal_tim.o(i.HAL_TIM_OC_Init)
    HAL_TIM_OC_MspInit                       0x08003801   Thumb Code    58  tim.o(i.HAL_TIM_OC_MspInit)
    HAL_TIM_OC_Start_IT                      0x08003845   Thumb Code   324  stm32f3xx_hal_tim.o(i.HAL_TIM_OC_Start_IT)
    HAL_TIM_OC_Stop_IT                       0x080039a9   Thumb Code   252  stm32f3xx_hal_tim.o(i.HAL_TIM_OC_Stop_IT)
    HAL_TIM_PWM_PulseFinishedCallback        0x08003ab1   Thumb Code     2  stm32f3xx_hal_tim.o(i.HAL_TIM_PWM_PulseFinishedCallback)
    HAL_TIM_PeriodElapsedCallback            0x08003ab3   Thumb Code     2  stm32f3xx_hal_tim.o(i.HAL_TIM_PeriodElapsedCallback)
    HAL_TIM_ReadCapturedValue                0x08003ab5   Thumb Code    50  stm32f3xx_hal_tim.o(i.HAL_TIM_ReadCapturedValue)
    HAL_TIM_TriggerCallback                  0x08003ae7   Thumb Code     2  stm32f3xx_hal_tim.o(i.HAL_TIM_TriggerCallback)
    HAL_UART_MspInit                         0x08003ae9   Thumb Code   112  usart.o(i.HAL_UART_MspInit)
    HardFault_Handler                        0x08003b61   Thumb Code     4  stm32f3xx_it.o(i.HardFault_Handler)
    HomeZero                                 0x08003b65   Thumb Code   164  cancommand.o(i.HomeZero)
    InitQueue                                0x08003c11   Thumb Code    12  queue.o(i.InitQueue)
    L_ComparativeOutputStar                  0x08003c1d   Thumb Code   274  motorstep.o(i.L_ComparativeOutputStar)
    L_ComparativeOutputStop                  0x08003d41   Thumb Code   108  motorstep.o(i.L_ComparativeOutputStop)
    L_MotorMovePos                           0x08003dbd   Thumb Code   842  motorstep.o(i.L_MotorMovePos)
    L_MotorRest                              0x08004115   Thumb Code   286  motormove.o(i.L_MotorRest)
    L_MotorSpeedDecision                     0x08004241   Thumb Code   172  motorstep.o(i.L_MotorSpeedDecision)
    L_MotorStateGet                          0x080042ed   Thumb Code    66  motormove.o(i.L_MotorStateGet)
    L_MoveTargetPos                          0x08004341   Thumb Code   278  motormove.o(i.L_MoveTargetPos)
    MX_ADC1_Init                             0x0800445d   Thumb Code   106  adc.o(i.MX_ADC1_Init)
    MX_CAN_Init                              0x080044d1   Thumb Code   192  can.o(i.MX_CAN_Init)
    MX_DAC1_Init                             0x080045a1   Thumb Code    68  dac.o(i.MX_DAC1_Init)
    MX_DMA_Init                              0x080045ed   Thumb Code    48  dma.o(i.MX_DMA_Init)
    MX_GPIO_Init                             0x08004621   Thumb Code   448  gpio.o(i.MX_GPIO_Init)
    MX_TIM12_Init                            0x080047f9   Thumb Code    92  tim.o(i.MX_TIM12_Init)
    MX_TIM13_Init                            0x0800485d   Thumb Code   104  tim.o(i.MX_TIM13_Init)
    MX_TIM14_Init                            0x080048cd   Thumb Code   104  tim.o(i.MX_TIM14_Init)
    MX_TIM16_Init                            0x0800493d   Thumb Code   156  tim.o(i.MX_TIM16_Init)
    MX_TIM19_Init                            0x080049e1   Thumb Code   158  tim.o(i.MX_TIM19_Init)
    MX_TIM2_Init                             0x08004a89   Thumb Code   160  tim.o(i.MX_TIM2_Init)
    MX_TIM3_Init                             0x08004b2d   Thumb Code   158  tim.o(i.MX_TIM3_Init)
    MX_TIM5_Init                             0x08004bd5   Thumb Code   156  tim.o(i.MX_TIM5_Init)
    MX_USART1_UART_Init                      0x08004c79   Thumb Code    60  usart.o(i.MX_USART1_UART_Init)
    MemManage_Handler                        0x08004cbd   Thumb Code     4  stm32f3xx_it.o(i.MemManage_Handler)
    MotorClockCurrentSet_loop                0x08004cc1   Thumb Code   112  motormove.o(i.MotorClockCurrentSet_loop)
    MotorCurrentSet                          0x08004d59   Thumb Code    70  motorio.o(i.MotorCurrentSet)
    MotorCurrentSwitch                       0x08004da5   Thumb Code    98  motorio.o(i.MotorCurrentSwitch)
    MotorDirSet                              0x08004e0d   Thumb Code    98  motorio.o(i.MotorDirSet)
    MotorHomeTimeCount                       0x08004e75   Thumb Code    82  motormove.o(i.MotorHomeTimeCount)
    MotorHomeZeroTask_Loop                   0x08004ee9   Thumb Code   672  motormove.o(i.MotorHomeZeroTask_Loop)
    MotorInit                                0x08005191   Thumb Code    94  motormove.o(i.MotorInit)
    MotorStaReport                           0x08005209   Thumb Code   298  cancommand.o(i.MotorStaReport)
    MovePos                                  0x08005339   Thumb Code   258  cancommand.o(i.MovePos)
    NMI_Handler                              0x08005445   Thumb Code     4  stm32f3xx_it.o(i.NMI_Handler)
    PendSV_Handler                           0x08005449   Thumb Code     2  stm32f3xx_it.o(i.PendSV_Handler)
    QueueEmpty                               0x0800544b   Thumb Code    18  queue.o(i.QueueEmpty)
    QueueFull                                0x0800545d   Thumb Code    30  queue.o(i.QueueFull)
    R_ComparativeOutputStar                  0x0800547d   Thumb Code   278  motorstep.o(i.R_ComparativeOutputStar)
    R_ComparativeOutputStop                  0x080055a5   Thumb Code   108  motorstep.o(i.R_ComparativeOutputStop)
    R_MotorMovePos                           0x08005621   Thumb Code   844  motorstep.o(i.R_MotorMovePos)
    R_MotorRest                              0x0800597d   Thumb Code   290  motormove.o(i.R_MotorRest)
    R_MotorSpeedDecision                     0x08005aad   Thumb Code   172  motorstep.o(i.R_MotorSpeedDecision)
    R_MotorStateGet                          0x08005b59   Thumb Code    66  motormove.o(i.R_MotorStateGet)
    R_MoveTargetPos                          0x08005bad   Thumb Code   278  motormove.o(i.R_MoveTargetPos)
    SVC_Handler                              0x08005cc9   Thumb Code     2  stm32f3xx_it.o(i.SVC_Handler)
    SensorStatusReturn                       0x08005ccd   Thumb Code   210  cancommand.o(i.SensorStatusReturn)
    SetRuningFlag                            0x08005da9   Thumb Code    48  cancommand.o(i.SetRuningFlag)
    SysTick_Handler                          0x08005ddd   Thumb Code    12  stm32f3xx_it.o(i.SysTick_Handler)
    SystemClock_Config                       0x08005de9   Thumb Code   132  main.o(i.SystemClock_Config)
    SystemInit                               0x08005e6d   Thumb Code    14  system_stm32f3xx.o(i.SystemInit)
    TIM12_IRQHandler                         0x08005e81   Thumb Code    14  stm32f3xx_it.o(i.TIM12_IRQHandler)
    TIM13_IRQHandler                         0x08005e95   Thumb Code    14  stm32f3xx_it.o(i.TIM13_IRQHandler)
    TIM14_IRQHandler                         0x08005ea9   Thumb Code    14  stm32f3xx_it.o(i.TIM14_IRQHandler)
    TIM16_IRQHandler                         0x08005ebd   Thumb Code    14  stm32f3xx_it.o(i.TIM16_IRQHandler)
    TIM19_IRQHandler                         0x08005ed1   Thumb Code    14  stm32f3xx_it.o(i.TIM19_IRQHandler)
    TIM2_IRQHandler                          0x08005ee5   Thumb Code    14  stm32f3xx_it.o(i.TIM2_IRQHandler)
    TIM3_IRQHandler                          0x08005ef9   Thumb Code    14  stm32f3xx_it.o(i.TIM3_IRQHandler)
    TIM5_IRQHandler                          0x08005f0d   Thumb Code    14  stm32f3xx_it.o(i.TIM5_IRQHandler)
    TIM_Base_SetConfig                       0x08005f21   Thumb Code   164  stm32f3xx_hal_tim.o(i.TIM_Base_SetConfig)
    TIM_CCxChannelCmd                        0x08005fed   Thumb Code    34  stm32f3xx_hal_tim.o(i.TIM_CCxChannelCmd)
    TIM_ETR_SetConfig                        0x0800600f   Thumb Code    22  stm32f3xx_hal_tim.o(i.TIM_ETR_SetConfig)
    TIM_OC2_SetConfig                        0x080060bd   Thumb Code   110  stm32f3xx_hal_tim.o(i.TIM_OC2_SetConfig)
    TIMxxComparisonInterrupt                 0x08006215   Thumb Code  1312  motorstep.o(i.TIMxxComparisonInterrupt)
    UART_AdvFeatureConfig                    0x0800674d   Thumb Code   248  stm32f3xx_hal_uart.o(i.UART_AdvFeatureConfig)
    UART_CheckIdleState                      0x08006845   Thumb Code   230  stm32f3xx_hal_uart.o(i.UART_CheckIdleState)
    UART_SetConfig                           0x08006991   Thumb Code   502  stm32f3xx_hal_uart.o(i.UART_SetConfig)
    UART_WaitOnFlagUntilTimeout              0x08006b9d   Thumb Code   162  stm32f3xx_hal_uart.o(i.UART_WaitOnFlagUntilTimeout)
    UsageFault_Handler                       0x08006c3f   Thumb Code     4  stm32f3xx_it.o(i.UsageFault_Handler)
    __scatterload_copy                       0x08006c7d   Thumb Code    14  handlers.o(i.__scatterload_copy)
    __scatterload_null                       0x08006c8b   Thumb Code     2  handlers.o(i.__scatterload_null)
    __scatterload_zeroinit                   0x08006c8d   Thumb Code    14  handlers.o(i.__scatterload_zeroinit)
    main                                     0x08006c9d   Thumb Code   116  main.o(i.main)
    AHBPrescTable                            0x08006d3c   Data          16  system_stm32f3xx.o(.constdata)
    APBPrescTable                            0x08006d4c   Data           8  system_stm32f3xx.o(.constdata)
    Region$$Table$$Base                      0x08006ee8   Number         0  anon$$obj.o(Region$$Table)
    Region$$Table$$Limit                     0x08006f08   Number         0  anon$$obj.o(Region$$Table)
    uwTick                                   0x20000000   Data           4  stm32f3xx_hal.o(.data)
    uwTickPrio                               0x20000004   Data           4  stm32f3xx_hal.o(.data)
    uwTickFreq                               0x20000008   Data           1  stm32f3xx_hal.o(.data)
    SystemCoreClock                          0x2000000c   Data           4  system_stm32f3xx.o(.data)
    runspeed                                 0x20000010   Data           4  motormove.o(.data)
    restspeed                                0x20000014   Data           4  motormove.o(.data)
    runcurrent                               0x20000018   Data           2  motormove.o(.data)
    pos1                                     0x2000001c   Data           4  motormove.o(.data)
    pos2                                     0x20000020   Data           4  motormove.o(.data)
    adc                                      0x20000024   Data          40  main.o(.bss)
    hadc1                                    0x2000004c   Data          48  adc.o(.bss)
    hdma_adc1                                0x2000007c   Data          68  adc.o(.bss)
    Can1_revQueuebuff                        0x200000c0   Data          16  can.o(.bss)
    CAN1Buff                                 0x200000d0   Data        2400  can.o(.bss)
    CAN1_recDataInfo                         0x20000a30   Data          24  can.o(.bss)
    hcan                                     0x20000a48   Data          40  can.o(.bss)
    hdac1                                    0x20000a70   Data          20  dac.o(.bss)
    htim2                                    0x20000a84   Data          76  tim.o(.bss)
    htim3                                    0x20000ad0   Data          76  tim.o(.bss)
    htim5                                    0x20000b1c   Data          76  tim.o(.bss)
    htim12                                   0x20000b68   Data          76  tim.o(.bss)
    htim13                                   0x20000bb4   Data          76  tim.o(.bss)
    htim14                                   0x20000c00   Data          76  tim.o(.bss)
    htim16                                   0x20000c4c   Data          76  tim.o(.bss)
    htim19                                   0x20000c98   Data          76  tim.o(.bss)
    huart1                                   0x20000ce4   Data         136  usart.o(.bss)
    L_MotorParameter                         0x20000d6c   Data          96  motorstep.o(.bss)
    R_MotorParameter                         0x20000dcc   Data          96  motorstep.o(.bss)
    LMt_Move_1                               0x20000e2c   Data          16  motormove.o(.bss)
    LMt_Move_2                               0x20000e3c   Data          16  motormove.o(.bss)
    LMt_Move_3                               0x20000e4c   Data          16  motormove.o(.bss)
    LMt_Move_4                               0x20000e5c   Data          16  motormove.o(.bss)
    RMt_Move_1                               0x20000e6c   Data          16  motormove.o(.bss)
    RMt_Move_2                               0x20000e7c   Data          16  motormove.o(.bss)
    RMt_Move_3                               0x20000e8c   Data          16  motormove.o(.bss)
    RMt_Move_4                               0x20000e9c   Data          16  motormove.o(.bss)
    MotorRunPr1                              0x20000eac   Data          24  motormove.o(.bss)
    MotorRunPr2                              0x20000ec4   Data          24  motormove.o(.bss)
    MotorRunPr3                              0x20000edc   Data          24  motormove.o(.bss)
    MotorRunPr4                              0x20000ef4   Data          24  motormove.o(.bss)
    MotorRunPr5                              0x20000f0c   Data          24  motormove.o(.bss)
    MotorRunPr6                              0x20000f24   Data          24  motormove.o(.bss)
    MotorRunPr7                              0x20000f3c   Data          24  motormove.o(.bss)
    MotorRunPr8                              0x20000f54   Data          24  motormove.o(.bss)
    __initial_sp                             0x20001370   Data           0  startup_stm32f373xc.o(STACK)



==============================================================================

Memory Map of the image

  Image Entry point : 0x08000189

  Load Region LR_IROM1 (Base: 0x08000000, Size: 0x00006f2c, Max: 0x00010000, ABSOLUTE)

    Execution Region ER_IROM1 (Exec base: 0x08000000, Load base: 0x08000000, Size: 0x00006f08, Max: 0x00010000, ABSOLUTE)

    Exec Addr    Load Addr    Size         Type   Attr      Idx    E Section Name        Object

    0x08000000   0x08000000   0x00000188   Data   RO            3    RESET               startup_stm32f373xc.o
    0x08000188   0x08000188   0x00000000   Code   RO         4970  * .ARM.Collect$$$$00000000  mc_w.l(entry.o)
    0x08000188   0x08000188   0x00000004   Code   RO         4983    .ARM.Collect$$$$00000001  mc_w.l(entry2.o)
    0x0800018c   0x0800018c   0x00000004   Code   RO         4986    .ARM.Collect$$$$00000004  mc_w.l(entry5.o)
    0x08000190   0x08000190   0x00000000   Code   RO         4988    .ARM.Collect$$$$00000008  mc_w.l(entry7b.o)
    0x08000190   0x08000190   0x00000000   Code   RO         4990    .ARM.Collect$$$$0000000A  mc_w.l(entry8b.o)
    0x08000190   0x08000190   0x00000008   Code   RO         4991    .ARM.Collect$$$$0000000B  mc_w.l(entry9a.o)
    0x08000198   0x08000198   0x00000004   Code   RO         4998    .ARM.Collect$$$$0000000E  mc_w.l(entry12b.o)
    0x0800019c   0x0800019c   0x00000000   Code   RO         4993    .ARM.Collect$$$$0000000F  mc_w.l(entry10a.o)
    0x0800019c   0x0800019c   0x00000000   Code   RO         4995    .ARM.Collect$$$$00000011  mc_w.l(entry11a.o)
    0x0800019c   0x0800019c   0x00000004   Code   RO         4984    .ARM.Collect$$$$00002712  mc_w.l(entry2.o)
    0x080001a0   0x080001a0   0x00000024   Code   RO            4    .text               startup_stm32f373xc.o
    0x080001c4   0x080001c4   0x00000062   Code   RO         4973    .text               mc_w.l(uldiv.o)
    0x08000226   0x08000226   0x00000020   Code   RO         4975    .text               mc_w.l(llushr.o)
    0x08000246   0x08000246   0x00000024   Code   RO         4977    .text               mc_w.l(memcpya.o)
    0x0800026a   0x0800026a   0x00000024   Code   RO         4979    .text               mc_w.l(memseta.o)
    0x0800028e   0x0800028e   0x0000001e   Code   RO         4999    .text               mc_w.l(llshl.o)
    0x080002ac   0x080002ac   0x00000024   Code   RO         5001    .text               mc_w.l(init.o)
    0x080002d0   0x080002d0   0x0000005c   Code   RO          869    i.ADC_ConversionStop_Disable  stm32f3xx_hal_adc_ex.o
    0x0800032c   0x0800032c   0x00000052   Code   RO          870    i.ADC_DMAConvCplt   stm32f3xx_hal_adc_ex.o
    0x0800037e   0x0800037e   0x0000001e   Code   RO          871    i.ADC_DMAError      stm32f3xx_hal_adc_ex.o
    0x0800039c   0x0800039c   0x0000000e   Code   RO          872    i.ADC_DMAHalfConvCplt  stm32f3xx_hal_adc_ex.o
    0x080003aa   0x080003aa   0x00000002   PAD
    0x080003ac   0x080003ac   0x00000090   Code   RO          873    i.ADC_Enable        stm32f3xx_hal_adc_ex.o
    0x0800043c   0x0800043c   0x00000004   Code   RO          559    i.BusFault_Handler  stm32f3xx_it.o
    0x08000440   0x08000440   0x00000040   Code   RO          280    i.CAN1_Send_Msg     can.o
    0x08000480   0x08000480   0x00000014   Code   RO          560    i.CAN_RX0_IRQHandler  stm32f3xx_it.o
    0x08000494   0x08000494   0x0000021c   Code   RO         4906    i.CanCmdRevAnalysis  cancommand.o
    0x080006b0   0x080006b0   0x00000060   Code   RO          281    i.CanITRevFIF0      can.o
    0x08000710   0x08000710   0x0000003c   Code   RO          282    i.CanRevDataPermutation  can.o
    0x0800074c   0x0800074c   0x0000003a   Code   RO         4907    i.CurrentSwitch     cancommand.o
    0x08000786   0x08000786   0x00000002   PAD
    0x08000788   0x08000788   0x00000010   Code   RO          561    i.DMA1_Channel1_IRQHandler  stm32f3xx_it.o
    0x08000798   0x08000798   0x00000040   Code   RO         1436    i.DMA_CalcBaseAndBitshift  stm32f3xx_hal_dma.o
    0x080007d8   0x080007d8   0x0000002c   Code   RO         1437    i.DMA_SetConfig     stm32f3xx_hal_dma.o
    0x08000804   0x08000804   0x0000003a   Code   RO         4848    i.DeQueue           queue.o
    0x0800083e   0x0800083e   0x00000002   Code   RO          562    i.DebugMon_Handler  stm32f3xx_it.o
    0x08000840   0x08000840   0x0000003e   Code   RO         4849    i.EnQueue           queue.o
    0x0800087e   0x0800087e   0x00000006   Code   RO           13    i.Error_Handler     main.o
    0x08000884   0x08000884   0x00000040   Code   RO         4626    i.GetCanRevID       motorio.o
    0x080008c4   0x080008c4   0x00000106   Code   RO          874    i.HAL_ADCEx_Calibration_Start  stm32f3xx_hal_adc_ex.o
    0x080009ca   0x080009ca   0x00000002   PAD
    0x080009cc   0x080009cc   0x00000154   Code   RO          884    i.HAL_ADC_ConfigChannel  stm32f3xx_hal_adc_ex.o
    0x08000b20   0x08000b20   0x00000002   Code   RO          721    i.HAL_ADC_ConvCpltCallback  stm32f3xx_hal_adc.o
    0x08000b22   0x08000b22   0x00000002   Code   RO          722    i.HAL_ADC_ConvHalfCpltCallback  stm32f3xx_hal_adc.o
    0x08000b24   0x08000b24   0x00000002   Code   RO          724    i.HAL_ADC_ErrorCallback  stm32f3xx_hal_adc.o
    0x08000b26   0x08000b26   0x00000002   PAD
    0x08000b28   0x08000b28   0x00000144   Code   RO          888    i.HAL_ADC_Init      stm32f3xx_hal_adc_ex.o
    0x08000c6c   0x08000c6c   0x000000b0   Code   RO          239    i.HAL_ADC_MspInit   adc.o
    0x08000d1c   0x08000d1c   0x000000e8   Code   RO          892    i.HAL_ADC_Start_DMA  stm32f3xx_hal_adc_ex.o
    0x08000e04   0x08000e04   0x0000002a   Code   RO         2634    i.HAL_CAN_ActivateNotification  stm32f3xx_hal_can.o
    0x08000e2e   0x08000e2e   0x0000014a   Code   RO         2635    i.HAL_CAN_AddTxMessage  stm32f3xx_hal_can.o
    0x08000f78   0x08000f78   0x0000010a   Code   RO         2636    i.HAL_CAN_ConfigFilter  stm32f3xx_hal_can.o
    0x08001082   0x08001082   0x00000002   Code   RO         2639    i.HAL_CAN_ErrorCallback  stm32f3xx_hal_can.o
    0x08001084   0x08001084   0x00000194   Code   RO         2642    i.HAL_CAN_GetRxMessage  stm32f3xx_hal_can.o
    0x08001218   0x08001218   0x00000036   Code   RO         2644    i.HAL_CAN_GetTxMailboxesFreeLevel  stm32f3xx_hal_can.o
    0x0800124e   0x0800124e   0x0000024e   Code   RO         2646    i.HAL_CAN_IRQHandler  stm32f3xx_hal_can.o
    0x0800149c   0x0800149c   0x00000174   Code   RO         2647    i.HAL_CAN_Init      stm32f3xx_hal_can.o
    0x08001610   0x08001610   0x00000088   Code   RO          284    i.HAL_CAN_MspInit   can.o
    0x08001698   0x08001698   0x00000002   Code   RO         2654    i.HAL_CAN_RxFifo0FullCallback  stm32f3xx_hal_can.o
    0x0800169a   0x0800169a   0x00000002   Code   RO         2655    i.HAL_CAN_RxFifo0MsgPendingCallback  stm32f3xx_hal_can.o
    0x0800169c   0x0800169c   0x00000002   Code   RO         2656    i.HAL_CAN_RxFifo1FullCallback  stm32f3xx_hal_can.o
    0x0800169e   0x0800169e   0x00000002   Code   RO         2657    i.HAL_CAN_RxFifo1MsgPendingCallback  stm32f3xx_hal_can.o
    0x080016a0   0x080016a0   0x00000002   Code   RO         2658    i.HAL_CAN_SleepCallback  stm32f3xx_hal_can.o
    0x080016a2   0x080016a2   0x0000005e   Code   RO         2659    i.HAL_CAN_Start     stm32f3xx_hal_can.o
    0x08001700   0x08001700   0x00000002   Code   RO         2661    i.HAL_CAN_TxMailbox0AbortCallback  stm32f3xx_hal_can.o
    0x08001702   0x08001702   0x00000002   Code   RO         2662    i.HAL_CAN_TxMailbox0CompleteCallback  stm32f3xx_hal_can.o
    0x08001704   0x08001704   0x00000002   Code   RO         2663    i.HAL_CAN_TxMailbox1AbortCallback  stm32f3xx_hal_can.o
    0x08001706   0x08001706   0x00000002   Code   RO         2664    i.HAL_CAN_TxMailbox1CompleteCallback  stm32f3xx_hal_can.o
    0x08001708   0x08001708   0x00000002   Code   RO         2665    i.HAL_CAN_TxMailbox2AbortCallback  stm32f3xx_hal_can.o
    0x0800170a   0x0800170a   0x00000002   Code   RO         2666    i.HAL_CAN_TxMailbox2CompleteCallback  stm32f3xx_hal_can.o
    0x0800170c   0x0800170c   0x00000002   Code   RO         2668    i.HAL_CAN_WakeUpFromRxMsgCallback  stm32f3xx_hal_can.o
    0x0800170e   0x0800170e   0x0000005a   Code   RO         3007    i.HAL_DAC_ConfigChannel  stm32f3xx_hal_dac_ex.o
    0x08001768   0x08001768   0x00000028   Code   RO         2878    i.HAL_DAC_Init      stm32f3xx_hal_dac.o
    0x08001790   0x08001790   0x00000070   Code   RO          344    i.HAL_DAC_MspInit   dac.o
    0x08001800   0x08001800   0x0000002c   Code   RO         3010    i.HAL_DAC_SetValue  stm32f3xx_hal_dac_ex.o
    0x0800182c   0x0800182c   0x0000006c   Code   RO         3011    i.HAL_DAC_Start     stm32f3xx_hal_dac_ex.o
    0x08001898   0x08001898   0x000000e6   Code   RO         1443    i.HAL_DMA_IRQHandler  stm32f3xx_hal_dma.o
    0x0800197e   0x0800197e   0x00000056   Code   RO         1444    i.HAL_DMA_Init      stm32f3xx_hal_dma.o
    0x080019d4   0x080019d4   0x0000009c   Code   RO         1448    i.HAL_DMA_Start_IT  stm32f3xx_hal_dma.o
    0x08001a70   0x08001a70   0x00000028   Code   RO         1057    i.HAL_Delay         stm32f3xx_hal.o
    0x08001a98   0x08001a98   0x000001c0   Code   RO         1373    i.HAL_GPIO_Init     stm32f3xx_hal_gpio.o
    0x08001c58   0x08001c58   0x00000010   Code   RO         1375    i.HAL_GPIO_ReadPin  stm32f3xx_hal_gpio.o
    0x08001c68   0x08001c68   0x0000000a   Code   RO         1377    i.HAL_GPIO_WritePin  stm32f3xx_hal_gpio.o
    0x08001c72   0x08001c72   0x00000002   PAD
    0x08001c74   0x08001c74   0x0000000c   Code   RO         1061    i.HAL_GetTick       stm32f3xx_hal.o
    0x08001c80   0x08001c80   0x00000018   Code   RO         1067    i.HAL_IncTick       stm32f3xx_hal.o
    0x08001c98   0x08001c98   0x00000028   Code   RO         1068    i.HAL_Init          stm32f3xx_hal.o
    0x08001cc0   0x08001cc0   0x0000004c   Code   RO         1069    i.HAL_InitTick      stm32f3xx_hal.o
    0x08001d0c   0x08001d0c   0x00000040   Code   RO          695    i.HAL_MspInit       stm32f3xx_hal_msp.o
    0x08001d4c   0x08001d4c   0x00000090   Code   RO         4117    i.HAL_MultiProcessor_Init  stm32f3xx_hal_uart.o
    0x08001ddc   0x08001ddc   0x00000020   Code   RO         1541    i.HAL_NVIC_EnableIRQ  stm32f3xx_hal_cortex.o
    0x08001dfc   0x08001dfc   0x0000007c   Code   RO         1547    i.HAL_NVIC_SetPriority  stm32f3xx_hal_cortex.o
    0x08001e78   0x08001e78   0x00000028   Code   RO         1548    i.HAL_NVIC_SetPriorityGrouping  stm32f3xx_hal_cortex.o
    0x08001ea0   0x08001ea0   0x00000278   Code   RO         1330    i.HAL_RCCEx_PeriphCLKConfig  stm32f3xx_hal_rcc_ex.o
    0x08002118   0x08002118   0x000002ac   Code   RO         1225    i.HAL_RCC_ClockConfig  stm32f3xx_hal_rcc.o
    0x080023c4   0x080023c4   0x0000000c   Code   RO         1230    i.HAL_RCC_GetHCLKFreq  stm32f3xx_hal_rcc.o
    0x080023d0   0x080023d0   0x0000002c   Code   RO         1232    i.HAL_RCC_GetPCLK1Freq  stm32f3xx_hal_rcc.o
    0x080023fc   0x080023fc   0x0000002c   Code   RO         1233    i.HAL_RCC_GetPCLK2Freq  stm32f3xx_hal_rcc.o
    0x08002428   0x08002428   0x000000a0   Code   RO         1234    i.HAL_RCC_GetSysClockFreq  stm32f3xx_hal_rcc.o
    0x080024c8   0x080024c8   0x00000a24   Code   RO         1237    i.HAL_RCC_OscConfig  stm32f3xx_hal_rcc.o
    0x08002eec   0x08002eec   0x00000034   Code   RO         1552    i.HAL_SYSTICK_Config  stm32f3xx_hal_cortex.o
    0x08002f20   0x08002f20   0x00000002   Code   RO         3842    i.HAL_TIMEx_BreakCallback  stm32f3xx_hal_tim_ex.o
    0x08002f22   0x08002f22   0x00000002   Code   RO         3843    i.HAL_TIMEx_CommutCallback  stm32f3xx_hal_tim_ex.o
    0x08002f24   0x08002f24   0x00000074   Code   RO         3845    i.HAL_TIMEx_ConfigBreakDeadTime  stm32f3xx_hal_tim_ex.o
    0x08002f98   0x08002f98   0x000000a8   Code   RO         3861    i.HAL_TIMEx_MasterConfigSynchronization  stm32f3xx_hal_tim_ex.o
    0x08003040   0x08003040   0x00000066   Code   RO         3127    i.HAL_TIM_Base_Init  stm32f3xx_hal_tim.o
    0x080030a6   0x080030a6   0x00000002   PAD
    0x080030a8   0x080030a8   0x0000019c   Code   RO          410    i.HAL_TIM_Base_MspInit  tim.o
    0x08003244   0x08003244   0x0000010c   Code   RO         3136    i.HAL_TIM_ConfigClockSource  stm32f3xx_hal_tim.o
    0x08003350   0x08003350   0x00000002   Code   RO         3161    i.HAL_TIM_IC_CaptureCallback  stm32f3xx_hal_tim.o
    0x08003352   0x08003352   0x00000196   Code   RO         3175    i.HAL_TIM_IRQHandler  stm32f3xx_hal_tim.o
    0x080034e8   0x080034e8   0x00000240   Code   RO          411    i.HAL_TIM_MspPostInit  tim.o
    0x08003728   0x08003728   0x00000070   Code   RO         3176    i.HAL_TIM_OC_ConfigChannel  stm32f3xx_hal_tim.o
    0x08003798   0x08003798   0x00000002   Code   RO         3178    i.HAL_TIM_OC_DelayElapsedCallback  stm32f3xx_hal_tim.o
    0x0800379a   0x0800379a   0x00000066   Code   RO         3180    i.HAL_TIM_OC_Init   stm32f3xx_hal_tim.o
    0x08003800   0x08003800   0x00000044   Code   RO          413    i.HAL_TIM_OC_MspInit  tim.o
    0x08003844   0x08003844   0x00000164   Code   RO         3185    i.HAL_TIM_OC_Start_IT  stm32f3xx_hal_tim.o
    0x080039a8   0x080039a8   0x00000108   Code   RO         3188    i.HAL_TIM_OC_Stop_IT  stm32f3xx_hal_tim.o
    0x08003ab0   0x08003ab0   0x00000002   Code   RO         3205    i.HAL_TIM_PWM_PulseFinishedCallback  stm32f3xx_hal_tim.o
    0x08003ab2   0x08003ab2   0x00000002   Code   RO         3213    i.HAL_TIM_PeriodElapsedCallback  stm32f3xx_hal_tim.o
    0x08003ab4   0x08003ab4   0x00000032   Code   RO         3215    i.HAL_TIM_ReadCapturedValue  stm32f3xx_hal_tim.o
    0x08003ae6   0x08003ae6   0x00000002   Code   RO         3218    i.HAL_TIM_TriggerCallback  stm32f3xx_hal_tim.o
    0x08003ae8   0x08003ae8   0x00000078   Code   RO          512    i.HAL_UART_MspInit  usart.o
    0x08003b60   0x08003b60   0x00000004   Code   RO          563    i.HardFault_Handler  stm32f3xx_it.o
    0x08003b64   0x08003b64   0x000000ac   Code   RO         4908    i.HomeZero          cancommand.o
    0x08003c10   0x08003c10   0x0000000c   Code   RO         4850    i.InitQueue         queue.o
    0x08003c1c   0x08003c1c   0x00000124   Code   RO         4672    i.L_ComparativeOutputStar  motorstep.o
    0x08003d40   0x08003d40   0x0000007c   Code   RO         4673    i.L_ComparativeOutputStop  motorstep.o
    0x08003dbc   0x08003dbc   0x00000358   Code   RO         4674    i.L_MotorMovePos    motorstep.o
    0x08004114   0x08004114   0x0000012c   Code   RO         4755    i.L_MotorRest       motormove.o
    0x08004240   0x08004240   0x000000ac   Code   RO         4675    i.L_MotorSpeedDecision  motorstep.o
    0x080042ec   0x080042ec   0x00000054   Code   RO         4756    i.L_MotorStateGet   motormove.o
    0x08004340   0x08004340   0x0000011c   Code   RO         4757    i.L_MoveTargetPos   motormove.o
    0x0800445c   0x0800445c   0x00000074   Code   RO          240    i.MX_ADC1_Init      adc.o
    0x080044d0   0x080044d0   0x000000d0   Code   RO          285    i.MX_CAN_Init       can.o
    0x080045a0   0x080045a0   0x0000004c   Code   RO          345    i.MX_DAC1_Init      dac.o
    0x080045ec   0x080045ec   0x00000034   Code   RO          385    i.MX_DMA_Init       dma.o
    0x08004620   0x08004620   0x000001d8   Code   RO          214    i.MX_GPIO_Init      gpio.o
    0x080047f8   0x080047f8   0x00000064   Code   RO          414    i.MX_TIM12_Init     tim.o
    0x0800485c   0x0800485c   0x00000070   Code   RO          415    i.MX_TIM13_Init     tim.o
    0x080048cc   0x080048cc   0x00000070   Code   RO          416    i.MX_TIM14_Init     tim.o
    0x0800493c   0x0800493c   0x000000a4   Code   RO          417    i.MX_TIM16_Init     tim.o
    0x080049e0   0x080049e0   0x000000a8   Code   RO          418    i.MX_TIM19_Init     tim.o
    0x08004a88   0x08004a88   0x000000a4   Code   RO          419    i.MX_TIM2_Init      tim.o
    0x08004b2c   0x08004b2c   0x000000a8   Code   RO          420    i.MX_TIM3_Init      tim.o
    0x08004bd4   0x08004bd4   0x000000a4   Code   RO          421    i.MX_TIM5_Init      tim.o
    0x08004c78   0x08004c78   0x00000044   Code   RO          513    i.MX_USART1_UART_Init  usart.o
    0x08004cbc   0x08004cbc   0x00000004   Code   RO          564    i.MemManage_Handler  stm32f3xx_it.o
    0x08004cc0   0x08004cc0   0x00000098   Code   RO         4758    i.MotorClockCurrentSet_loop  motormove.o
    0x08004d58   0x08004d58   0x0000004c   Code   RO         4627    i.MotorCurrentSet   motorio.o
    0x08004da4   0x08004da4   0x00000068   Code   RO         4628    i.MotorCurrentSwitch  motorio.o
    0x08004e0c   0x08004e0c   0x00000068   Code   RO         4629    i.MotorDirSet       motorio.o
    0x08004e74   0x08004e74   0x00000074   Code   RO         4759    i.MotorHomeTimeCount  motormove.o
    0x08004ee8   0x08004ee8   0x000002a8   Code   RO         4760    i.MotorHomeZeroTask_Loop  motormove.o
    0x08005190   0x08005190   0x00000078   Code   RO         4761    i.MotorInit         motormove.o
    0x08005208   0x08005208   0x00000130   Code   RO         4909    i.MotorStaReport    cancommand.o
    0x08005338   0x08005338   0x0000010c   Code   RO         4910    i.MovePos           cancommand.o
    0x08005444   0x08005444   0x00000004   Code   RO          565    i.NMI_Handler       stm32f3xx_it.o
    0x08005448   0x08005448   0x00000002   Code   RO          566    i.PendSV_Handler    stm32f3xx_it.o
    0x0800544a   0x0800544a   0x00000012   Code   RO         4851    i.QueueEmpty        queue.o
    0x0800545c   0x0800545c   0x0000001e   Code   RO         4852    i.QueueFull         queue.o
    0x0800547a   0x0800547a   0x00000002   PAD
    0x0800547c   0x0800547c   0x00000128   Code   RO         4676    i.R_ComparativeOutputStar  motorstep.o
    0x080055a4   0x080055a4   0x0000007c   Code   RO         4677    i.R_ComparativeOutputStop  motorstep.o
    0x08005620   0x08005620   0x0000035c   Code   RO         4678    i.R_MotorMovePos    motorstep.o
    0x0800597c   0x0800597c   0x00000130   Code   RO         4762    i.R_MotorRest       motormove.o
    0x08005aac   0x08005aac   0x000000ac   Code   RO         4679    i.R_MotorSpeedDecision  motorstep.o
    0x08005b58   0x08005b58   0x00000054   Code   RO         4763    i.R_MotorStateGet   motormove.o
    0x08005bac   0x08005bac   0x0000011c   Code   RO         4764    i.R_MoveTargetPos   motormove.o
    0x08005cc8   0x08005cc8   0x00000002   Code   RO          567    i.SVC_Handler       stm32f3xx_it.o
    0x08005cca   0x08005cca   0x00000002   PAD
    0x08005ccc   0x08005ccc   0x000000dc   Code   RO         4911    i.SensorStatusReturn  cancommand.o
    0x08005da8   0x08005da8   0x00000034   Code   RO         4913    i.SetRuningFlag     cancommand.o
    0x08005ddc   0x08005ddc   0x0000000c   Code   RO          568    i.SysTick_Handler   stm32f3xx_it.o
    0x08005de8   0x08005de8   0x00000084   Code   RO           14    i.SystemClock_Config  main.o
    0x08005e6c   0x08005e6c   0x00000014   Code   RO         4590    i.SystemInit        system_stm32f3xx.o
    0x08005e80   0x08005e80   0x00000014   Code   RO          569    i.TIM12_IRQHandler  stm32f3xx_it.o
    0x08005e94   0x08005e94   0x00000014   Code   RO          570    i.TIM13_IRQHandler  stm32f3xx_it.o
    0x08005ea8   0x08005ea8   0x00000014   Code   RO          571    i.TIM14_IRQHandler  stm32f3xx_it.o
    0x08005ebc   0x08005ebc   0x00000014   Code   RO          572    i.TIM16_IRQHandler  stm32f3xx_it.o
    0x08005ed0   0x08005ed0   0x00000014   Code   RO          573    i.TIM19_IRQHandler  stm32f3xx_it.o
    0x08005ee4   0x08005ee4   0x00000014   Code   RO          574    i.TIM2_IRQHandler   stm32f3xx_it.o
    0x08005ef8   0x08005ef8   0x00000014   Code   RO          575    i.TIM3_IRQHandler   stm32f3xx_it.o
    0x08005f0c   0x08005f0c   0x00000014   Code   RO          576    i.TIM5_IRQHandler   stm32f3xx_it.o
    0x08005f20   0x08005f20   0x000000cc   Code   RO         3220    i.TIM_Base_SetConfig  stm32f3xx_hal_tim.o
    0x08005fec   0x08005fec   0x00000022   Code   RO         3221    i.TIM_CCxChannelCmd  stm32f3xx_hal_tim.o
    0x0800600e   0x0800600e   0x00000016   Code   RO         3231    i.TIM_ETR_SetConfig  stm32f3xx_hal_tim.o
    0x08006024   0x08006024   0x00000012   Code   RO         3232    i.TIM_ITRx_SetConfig  stm32f3xx_hal_tim.o
    0x08006036   0x08006036   0x00000002   PAD
    0x08006038   0x08006038   0x00000084   Code   RO         3233    i.TIM_OC1_SetConfig  stm32f3xx_hal_tim.o
    0x080060bc   0x080060bc   0x0000007c   Code   RO         3234    i.TIM_OC2_SetConfig  stm32f3xx_hal_tim.o
    0x08006138   0x08006138   0x00000058   Code   RO         3235    i.TIM_OC3_SetConfig  stm32f3xx_hal_tim.o
    0x08006190   0x08006190   0x00000034   Code   RO         3236    i.TIM_OC4_SetConfig  stm32f3xx_hal_tim.o
    0x080061c4   0x080061c4   0x00000026   Code   RO         3238    i.TIM_TI1_ConfigInputStage  stm32f3xx_hal_tim.o
    0x080061ea   0x080061ea   0x00000028   Code   RO         3240    i.TIM_TI2_ConfigInputStage  stm32f3xx_hal_tim.o
    0x08006212   0x08006212   0x00000002   PAD
    0x08006214   0x08006214   0x00000538   Code   RO         4680    i.TIMxxComparisonInterrupt  motorstep.o
    0x0800674c   0x0800674c   0x000000f8   Code   RO         4152    i.UART_AdvFeatureConfig  stm32f3xx_hal_uart.o
    0x08006844   0x08006844   0x000000e6   Code   RO         4153    i.UART_CheckIdleState  stm32f3xx_hal_uart.o
    0x0800692a   0x0800692a   0x00000066   Code   RO         4164    i.UART_EndRxTransfer  stm32f3xx_hal_uart.o
    0x08006990   0x08006990   0x0000020c   Code   RO         4169    i.UART_SetConfig    stm32f3xx_hal_uart.o
    0x08006b9c   0x08006b9c   0x000000a2   Code   RO         4174    i.UART_WaitOnFlagUntilTimeout  stm32f3xx_hal_uart.o
    0x08006c3e   0x08006c3e   0x00000004   Code   RO          577    i.UsageFault_Handler  stm32f3xx_it.o
    0x08006c42   0x08006c42   0x00000002   PAD
    0x08006c44   0x08006c44   0x00000010   Code   RO         1554    i.__NVIC_GetPriorityGrouping  stm32f3xx_hal_cortex.o
    0x08006c54   0x08006c54   0x00000028   Code   RO         1555    i.__NVIC_SetPriority  stm32f3xx_hal_cortex.o
    0x08006c7c   0x08006c7c   0x0000000e   Code   RO         5005    i.__scatterload_copy  mc_w.l(handlers.o)
    0x08006c8a   0x08006c8a   0x00000002   Code   RO         5006    i.__scatterload_null  mc_w.l(handlers.o)
    0x08006c8c   0x08006c8c   0x0000000e   Code   RO         5007    i.__scatterload_zeroinit  mc_w.l(handlers.o)
    0x08006c9a   0x08006c9a   0x00000002   PAD
    0x08006c9c   0x08006c9c   0x00000080   Code   RO           15    i.main              main.o
    0x08006d1c   0x08006d1c   0x00000020   Data   RO         1238    .constdata          stm32f3xx_hal_rcc.o
    0x08006d3c   0x08006d3c   0x00000018   Data   RO         4591    .constdata          system_stm32f3xx.o
    0x08006d54   0x08006d54   0x00000060   Data   RO         4630    .constdata          motorio.o
    0x08006db4   0x08006db4   0x000000c4   Data   RO         4766    .constdata          motormove.o
    0x08006e78   0x08006e78   0x00000070   Data   RO         4914    .constdata          cancommand.o
    0x08006ee8   0x08006ee8   0x00000020   Data   RO         5003    Region$$Table       anon$$obj.o


    Execution Region RW_IRAM1 (Exec base: 0x20000000, Load base: 0x08006f08, Size: 0x00001370, Max: 0x00004000, ABSOLUTE)

    Exec Addr    Load Addr    Size         Type   Attr      Idx    E Section Name        Object

    0x20000000   0x08006f08   0x00000009   Data   RW         1075    .data               stm32f3xx_hal.o
    0x20000009   0x08006f11   0x00000003   PAD
    0x2000000c   0x08006f14   0x00000004   Data   RW         4592    .data               system_stm32f3xx.o
    0x20000010   0x08006f18   0x00000014   Data   RW         4767    .data               motormove.o
    0x20000024        -       0x00000028   Zero   RW           16    .bss                main.o
    0x2000004c        -       0x00000074   Zero   RW          241    .bss                adc.o
    0x200000c0        -       0x000009b0   Zero   RW          286    .bss                can.o
    0x20000a70        -       0x00000014   Zero   RW          346    .bss                dac.o
    0x20000a84        -       0x00000260   Zero   RW          422    .bss                tim.o
    0x20000ce4        -       0x00000088   Zero   RW          515    .bss                usart.o
    0x20000d6c        -       0x000000c0   Zero   RW         4681    .bss                motorstep.o
    0x20000e2c        -       0x00000140   Zero   RW         4765    .bss                motormove.o
    0x20000f6c   0x08006f2c   0x00000004   PAD
    0x20000f70        -       0x00000400   Zero   RW            1    STACK               startup_stm32f373xc.o


==============================================================================

Image component sizes


      Code (inc. data)   RO Data    RW Data    ZI Data      Debug   Object Name

       292         28          0          0        116       1779   adc.o
       564         40          0          0       2480       4658   can.o
      1614         66        112          0          0       5183   cancommand.o
       188         18          0          0         20       1657   dac.o
        52          4          0          0          0        750   dma.o
       472         24          0          0          0       1175   gpio.o
       266         12          0          0         40     551278   main.o
       348         22         96          0          0       3187   motorio.o
      2408        196        196         20        320      10320   motormove.o
      4232        260          0          0        192      10896   motorstep.o
       180          0          0          0          0       3762   queue.o
        36          8        392          0       1024        832   startup_stm32f373xc.o
       192         36          0          9          0      12865   stm32f3xx_hal.o
         6          0          0          0          0       2082   stm32f3xx_hal_adc.o
      1520         46          0          0          0       8245   stm32f3xx_hal_adc_ex.o
      2178          0          0          0          0      15509   stm32f3xx_hal_can.o
       304         22          0          0          0      34407   stm32f3xx_hal_cortex.o
        40          0          0          0          0       1039   stm32f3xx_hal_dac.o
       242          0          0          0          0       2759   stm32f3xx_hal_dac_ex.o
       580          8          0          0          0       4059   stm32f3xx_hal_dma.o
       474         30          0          0          0       2699   stm32f3xx_hal_gpio.o
        64          6          0          0          0        838   stm32f3xx_hal_msp.o
      3540         96         32          0          0       6308   stm32f3xx_hal_rcc.o
       632         12          0          0          0       1524   stm32f3xx_hal_rcc_ex.o
      2422        126          0          0          0      17107   stm32f3xx_hal_tim.o
       288         26          0          0          0       3317   stm32f3xx_hal_tim_ex.o
      1410         42          0          0          0       5859   stm32f3xx_hal_uart.o
       234         58          0          0          0       9111   stm32f3xx_it.o
        20          6         24          4          0       1115   system_stm32f3xx.o
      2208        144          0          0        608       8486   tim.o
       188         16          0          0        136       1682   usart.o

    ----------------------------------------------------------------------
     27216       1352        884         36       4940     734488   Object Totals
         0          0         32          0          0          0   (incl. Generated)
        22          0          0          3          4          0   (incl. Padding)

    ----------------------------------------------------------------------

      Code (inc. data)   RO Data    RW Data    ZI Data      Debug   Library Member Name

         0          0          0          0          0          0   entry.o
         0          0          0          0          0          0   entry10a.o
         0          0          0          0          0          0   entry11a.o
         4          0          0          0          0          0   entry12b.o
         8          4          0          0          0          0   entry2.o
         4          0          0          0          0          0   entry5.o
         0          0          0          0          0          0   entry7b.o
         0          0          0          0          0          0   entry8b.o
         8          4          0          0          0          0   entry9a.o
        30          0          0          0          0          0   handlers.o
        36          8          0          0          0         68   init.o
        30          0          0          0          0         68   llshl.o
        32          0          0          0          0         68   llushr.o
        36          0          0          0          0         68   memcpya.o
        36          0          0          0          0        108   memseta.o
        98          0          0          0          0         92   uldiv.o

    ----------------------------------------------------------------------
       324         16          0          0          0        472   Library Totals
         2          0          0          0          0          0   (incl. Padding)

    ----------------------------------------------------------------------

      Code (inc. data)   RO Data    RW Data    ZI Data      Debug   Library Name

       322         16          0          0          0        472   mc_w.l

    ----------------------------------------------------------------------
       324         16          0          0          0        472   Library Totals

    ----------------------------------------------------------------------

==============================================================================


      Code (inc. data)   RO Data    RW Data    ZI Data      Debug   

     27540       1368        884         36       4940     717808   Grand Totals
     27540       1368        884         36       4940     717808   ELF Image Totals
     27540       1368        884         36          0          0   ROM Totals

==============================================================================

    Total RO  Size (Code + RO Data)                28424 (  27.76kB)
    Total RW  Size (RW Data + ZI Data)              4976 (   4.86kB)
    Total ROM Size (Code + RO Data + RW Data)      28460 (  27.79kB)

==============================================================================

